Archive member included to satisfy reference by file (symbol)

D:/STM32CubeIDE_1.19.0/STM32CubeIDE/plugins/com.st.stm32cube.ide.mcu.externaltools.gnu-tools-for-stm32.13.3.rel1.win32_1.0.0.202411081344/tools/bin/../lib/gcc/arm-none-eabi/13.3.1/../../../../arm-none-eabi/lib/thumb/v7-m/nofp\libc_nano.a(libc_a-exit.o)
                              D:/STM32CubeIDE_1.19.0/STM32CubeIDE/plugins/com.st.stm32cube.ide.mcu.externaltools.gnu-tools-for-stm32.13.3.rel1.win32_1.0.0.202411081344/tools/bin/../lib/gcc/arm-none-eabi/13.3.1/../../../../arm-none-eabi/lib/thumb/v7-m/nofp/crt0.o (exit)
D:/STM32CubeIDE_1.19.0/STM32CubeIDE/plugins/com.st.stm32cube.ide.mcu.externaltools.gnu-tools-for-stm32.13.3.rel1.win32_1.0.0.202411081344/tools/bin/../lib/gcc/arm-none-eabi/13.3.1/../../../../arm-none-eabi/lib/thumb/v7-m/nofp\libc_nano.a(libc_a-findfp.o)
                              D:/STM32CubeIDE_1.19.0/STM32CubeIDE/plugins/com.st.stm32cube.ide.mcu.externaltools.gnu-tools-for-stm32.13.3.rel1.win32_1.0.0.202411081344/tools/bin/../lib/gcc/arm-none-eabi/13.3.1/../../../../arm-none-eabi/lib/thumb/v7-m/nofp\libc_nano.a(libc_a-exit.o) (__stdio_exit_handler)
D:/STM32CubeIDE_1.19.0/STM32CubeIDE/plugins/com.st.stm32cube.ide.mcu.externaltools.gnu-tools-for-stm32.13.3.rel1.win32_1.0.0.202411081344/tools/bin/../lib/gcc/arm-none-eabi/13.3.1/../../../../arm-none-eabi/lib/thumb/v7-m/nofp\libc_nano.a(libc_a-fwalk.o)
                              D:/STM32CubeIDE_1.19.0/STM32CubeIDE/plugins/com.st.stm32cube.ide.mcu.externaltools.gnu-tools-for-stm32.13.3.rel1.win32_1.0.0.202411081344/tools/bin/../lib/gcc/arm-none-eabi/13.3.1/../../../../arm-none-eabi/lib/thumb/v7-m/nofp\libc_nano.a(libc_a-findfp.o) (_fwalk_sglue)
D:/STM32CubeIDE_1.19.0/STM32CubeIDE/plugins/com.st.stm32cube.ide.mcu.externaltools.gnu-tools-for-stm32.13.3.rel1.win32_1.0.0.202411081344/tools/bin/../lib/gcc/arm-none-eabi/13.3.1/../../../../arm-none-eabi/lib/thumb/v7-m/nofp\libc_nano.a(libc_a-stdio.o)
                              D:/STM32CubeIDE_1.19.0/STM32CubeIDE/plugins/com.st.stm32cube.ide.mcu.externaltools.gnu-tools-for-stm32.13.3.rel1.win32_1.0.0.202411081344/tools/bin/../lib/gcc/arm-none-eabi/13.3.1/../../../../arm-none-eabi/lib/thumb/v7-m/nofp\libc_nano.a(libc_a-findfp.o) (__sread)
D:/STM32CubeIDE_1.19.0/STM32CubeIDE/plugins/com.st.stm32cube.ide.mcu.externaltools.gnu-tools-for-stm32.13.3.rel1.win32_1.0.0.202411081344/tools/bin/../lib/gcc/arm-none-eabi/13.3.1/../../../../arm-none-eabi/lib/thumb/v7-m/nofp\libc_nano.a(libc_a-memset.o)
                              D:/STM32CubeIDE_1.19.0/STM32CubeIDE/plugins/com.st.stm32cube.ide.mcu.externaltools.gnu-tools-for-stm32.13.3.rel1.win32_1.0.0.202411081344/tools/bin/../lib/gcc/arm-none-eabi/13.3.1/../../../../arm-none-eabi/lib/thumb/v7-m/nofp/crt0.o (memset)
D:/STM32CubeIDE_1.19.0/STM32CubeIDE/plugins/com.st.stm32cube.ide.mcu.externaltools.gnu-tools-for-stm32.13.3.rel1.win32_1.0.0.202411081344/tools/bin/../lib/gcc/arm-none-eabi/13.3.1/../../../../arm-none-eabi/lib/thumb/v7-m/nofp\libc_nano.a(libc_a-closer.o)
                              D:/STM32CubeIDE_1.19.0/STM32CubeIDE/plugins/com.st.stm32cube.ide.mcu.externaltools.gnu-tools-for-stm32.13.3.rel1.win32_1.0.0.202411081344/tools/bin/../lib/gcc/arm-none-eabi/13.3.1/../../../../arm-none-eabi/lib/thumb/v7-m/nofp\libc_nano.a(libc_a-stdio.o) (_close_r)
D:/STM32CubeIDE_1.19.0/STM32CubeIDE/plugins/com.st.stm32cube.ide.mcu.externaltools.gnu-tools-for-stm32.13.3.rel1.win32_1.0.0.202411081344/tools/bin/../lib/gcc/arm-none-eabi/13.3.1/../../../../arm-none-eabi/lib/thumb/v7-m/nofp\libc_nano.a(libc_a-reent.o)
                              D:/STM32CubeIDE_1.19.0/STM32CubeIDE/plugins/com.st.stm32cube.ide.mcu.externaltools.gnu-tools-for-stm32.13.3.rel1.win32_1.0.0.202411081344/tools/bin/../lib/gcc/arm-none-eabi/13.3.1/../../../../arm-none-eabi/lib/thumb/v7-m/nofp\libc_nano.a(libc_a-closer.o) (errno)
D:/STM32CubeIDE_1.19.0/STM32CubeIDE/plugins/com.st.stm32cube.ide.mcu.externaltools.gnu-tools-for-stm32.13.3.rel1.win32_1.0.0.202411081344/tools/bin/../lib/gcc/arm-none-eabi/13.3.1/../../../../arm-none-eabi/lib/thumb/v7-m/nofp\libc_nano.a(libc_a-impure.o)
                              D:/STM32CubeIDE_1.19.0/STM32CubeIDE/plugins/com.st.stm32cube.ide.mcu.externaltools.gnu-tools-for-stm32.13.3.rel1.win32_1.0.0.202411081344/tools/bin/../lib/gcc/arm-none-eabi/13.3.1/../../../../arm-none-eabi/lib/thumb/v7-m/nofp\libc_nano.a(libc_a-reent.o) (_impure_ptr)
D:/STM32CubeIDE_1.19.0/STM32CubeIDE/plugins/com.st.stm32cube.ide.mcu.externaltools.gnu-tools-for-stm32.13.3.rel1.win32_1.0.0.202411081344/tools/bin/../lib/gcc/arm-none-eabi/13.3.1/../../../../arm-none-eabi/lib/thumb/v7-m/nofp\libc_nano.a(libc_a-lseekr.o)
                              D:/STM32CubeIDE_1.19.0/STM32CubeIDE/plugins/com.st.stm32cube.ide.mcu.externaltools.gnu-tools-for-stm32.13.3.rel1.win32_1.0.0.202411081344/tools/bin/../lib/gcc/arm-none-eabi/13.3.1/../../../../arm-none-eabi/lib/thumb/v7-m/nofp\libc_nano.a(libc_a-stdio.o) (_lseek_r)
[...]
Memory Configuration

Name             Origin             Length             Attributes
RAM              0x20000000         0x00005000         xrw
FLASH            0x08000000         0x00010000         xr
*default*        0x00000000         0xffffffff

Linker script and memory map

LOAD D:/STM32CubeIDE_1.19.0/STM32CubeIDE/plugins/com.st.stm32cube.ide.mcu.externaltools.gnu-tools-for-stm32.13.3.rel1.win32_1.0.0.202411081344/tools/bin/../lib/gcc/arm-none-eabi/13.3.1/thumb/v7-m/nofp/crti.o
LOAD D:/STM32CubeIDE_1.19.0/STM32CubeIDE/plugins/com.st.stm32cube.ide.mcu.externaltools.gnu-tools-for-stm32.13.3.rel1.win32_1.0.0.202411081344/tools/bin/../lib/gcc/arm-none-eabi/13.3.1/thumb/v7-m/nofp/crtbegin.o
LOAD D:/STM32CubeIDE_1.19.0/STM32CubeIDE/plugins/com.st.stm32cube.ide.mcu.externaltools.gnu-tools-for-stm32.13.3.rel1.win32_1.0.0.202411081344/tools/bin/../lib/gcc/arm-none-eabi/13.3.1/../../../../arm-none-eabi/lib/thumb/v7-m/nofp/crt0.o
LOAD ./Core/Src/StepControl.o
LOAD ./Core/Src/UartModbus.o
LOAD ./Core/Src/freertos.o
LOAD ./Core/Src/main.o
LOAD ./Core/Src/stm32f1xx_hal_msp.o
LOAD ./Core/Src/stm32f1xx_it.o
LOAD ./Core/Src/syscalls.o
LOAD ./Core/Src/sysmem.o
LOAD ./Core/Src/system_stm32f1xx.o
LOAD ./Core/Startup/startup_stm32f103c8tx.o
LOAD ./Drivers/STM32F1xx_HAL_Driver/Src/stm32f1xx_hal.o
LOAD ./Drivers/STM32F1xx_HAL_Driver/Src/stm32f1xx_hal_adc.o
LOAD ./Drivers/STM32F1xx_HAL_Driver/Src/stm32f1xx_hal_adc_ex.o
LOAD ./Drivers/STM32F1xx_HAL_Driver/Src/stm32f1xx_hal_cortex.o
LOAD ./Drivers/STM32F1xx_HAL_Driver/Src/stm32f1xx_hal_dma.o
LOAD ./Drivers/STM32F1xx_HAL_Driver/Src/stm32f1xx_hal_exti.o
LOAD ./Drivers/STM32F1xx_HAL_Driver/Src/stm32f1xx_hal_flash.o
LOAD ./Drivers/STM32F1xx_HAL_Driver/Src/stm32f1xx_hal_flash_ex.o
LOAD ./Drivers/STM32F1xx_HAL_Driver/Src/stm32f1xx_hal_gpio.o
LOAD ./Drivers/STM32F1xx_HAL_Driver/Src/stm32f1xx_hal_gpio_ex.o
LOAD ./Drivers/STM32F1xx_HAL_Driver/Src/stm32f1xx_hal_i2c.o
LOAD ./Drivers/STM32F1xx_HAL_Driver/Src/stm32f1xx_hal_pwr.o
LOAD ./Drivers/STM32F1xx_HAL_Driver/Src/stm32f1xx_hal_rcc.o
LOAD ./Drivers/STM32F1xx_HAL_Driver/Src/stm32f1xx_hal_rcc_ex.o
LOAD ./Drivers/STM32F1xx_HAL_Driver/Src/stm32f1xx_hal_tim.o
LOAD ./Drivers/STM32F1xx_HAL_Driver/Src/stm32f1xx_hal_tim_ex.o
LOAD ./Drivers/STM32F1xx_HAL_Driver/Src/stm32f1xx_hal_uart.o
LOAD ./Middlewares/Third_Party/FreeRTOS/Source/CMSIS_RTOS_V2/cmsis_os2.o
LOAD ./Middlewares/Third_Party/FreeRTOS/Source/croutine.o
LOAD ./Middlewares/Third_Party/FreeRTOS/Source/event_groups.o
LOAD ./Middlewares/Third_Party/FreeRTOS/Source/list.o
LOAD ./Middlewares/Third_Party/FreeRTOS/Source/queue.o
LOAD ./Middlewares/Third_Party/FreeRTOS/Source/stream_buffer.o
LOAD ./Middlewares/Third_Party/FreeRTOS/Source/tasks.o
LOAD ./Middlewares/Third_Party/FreeRTOS/Source/timers.o
LOAD ./Middlewares/Third_Party/FreeRTOS/Source/portable/GCC/ARM_CM3/port.o
LOAD ./Middlewares/Third_Party/FreeRTOS/Source/portable/MemMang/heap_4.o
START GROUP
LOAD D:/STM32CubeIDE_1.19.0/STM32CubeIDE/plugins/com.st.stm32cube.ide.mcu.externaltools.gnu-tools-for-stm32.13.3.rel1.win32_1.0.0.202411081344/tools/bin/../lib/gcc/arm-none-eabi/13.3.1/../../../../arm-none-eabi/lib/thumb/v7-m/nofp\libc_nano.a
LOAD D:/STM32CubeIDE_1.19.0/STM32CubeIDE/plugins/com.st.stm32cube.ide.mcu.externaltools.gnu-tools-for-stm32.13.3.rel1.win32_1.0.0.202411081344/tools/bin/../lib/gcc/arm-none-eabi/13.3.1/../../../../arm-none-eabi/lib/thumb/v7-m/nofp\libm.a
END GROUP
START GROUP
LOAD D:/STM32CubeIDE_1.19.0/STM32CubeIDE/plugins/com.st.stm32cube.ide.mcu.externaltools.gnu-tools-for-stm32.13.3.rel1.win32_1.0.0.202411081344/tools/bin/../lib/gcc/arm-none-eabi/13.3.1/thumb/v7-m/nofp\libgcc.a
LOAD D:/STM32CubeIDE_1.19.0/STM32CubeIDE/plugins/com.st.stm32cube.ide.mcu.externaltools.gnu-tools-for-stm32.13.3.rel1.win32_1.0.0.202411081344/tools/bin/../lib/gcc/arm-none-eabi/13.3.1/../../../../arm-none-eabi/lib/thumb/v7-m/nofp\libc_nano.a
END GROUP
START GROUP
LOAD D:/STM32CubeIDE_1.19.0/STM32CubeIDE/plugins/com.st.stm32cube.ide.mcu.externaltools.gnu-tools-for-stm32.13.3.rel1.win32_1.0.0.202411081344/tools/bin/../lib/gcc/arm-none-eabi/13.3.1/thumb/v7-m/nofp\libgcc.a
LOAD D:/STM32CubeIDE_1.19.0/STM32CubeIDE/plugins/com.st.stm32cube.ide.mcu.externaltools.gnu-tools-for-stm32.13.3.rel1.win32_1.0.0.202411081344/tools/bin/../lib/gcc/arm-none-eabi/13.3.1/../../../../arm-none-eabi/lib/thumb/v7-m/nofp\libc_nano.a
LOAD D:/STM32CubeIDE_1.19.0/STM32CubeIDE/plugins/com.st.stm32cube.ide.mcu.externaltools.gnu-tools-for-stm32.13.3.rel1.win32_1.0.0.202411081344/tools/bin/../lib/gcc/arm-none-eabi/13.3.1/../../../../arm-none-eabi/lib/thumb/v7-m/nofp\libnosys.a
END GROUP
START GROUP
LOAD D:/STM32CubeIDE_1.19.0/STM32CubeIDE/plugins/com.st.stm32cube.ide.mcu.externaltools.gnu-tools-for-stm32.13.3.rel1.win32_1.0.0.202411081344/tools/bin/../lib/gcc/arm-none-eabi/13.3.1/thumb/v7-m/nofp\libgcc.a
LOAD D:/STM32CubeIDE_1.19.0/STM32CubeIDE/plugins/com.st.stm32cube.ide.mcu.externaltools.gnu-tools-for-stm32.13.3.rel1.win32_1.0.0.202411081344/tools/bin/../lib/gcc/arm-none-eabi/13.3.1/../../../../arm-none-eabi/lib/thumb/v7-m/nofp\libc_nano.a
LOAD D:/STM32CubeIDE_1.19.0/STM32CubeIDE/plugins/com.st.stm32cube.ide.mcu.externaltools.gnu-tools-for-stm32.13.3.rel1.win32_1.0.0.202411081344/tools/bin/../lib/gcc/arm-none-eabi/13.3.1/../../../../arm-none-eabi/lib/thumb/v7-m/nofp\libnosys.a
END GROUP
LOAD D:/STM32CubeIDE_1.19.0/STM32CubeIDE/plugins/com.st.stm32cube.ide.mcu.externaltools.gnu-tools-for-stm32.13.3.rel1.win32_1.0.0.202411081344/tools/bin/../lib/gcc/arm-none-eabi/13.3.1/thumb/v7-m/nofp/crtend.o
LOAD D:/STM32CubeIDE_1.19.0/STM32CubeIDE/plugins/com.st.stm32cube.ide.mcu.externaltools.gnu-tools-for-stm32.13.3.rel1.win32_1.0.0.202411081344/tools/bin/../lib/gcc/arm-none-eabi/13.3.1/thumb/v7-m/nofp/crtn.o
                0x20005000                        _estack = (ORIGIN (RAM) + LENGTH (RAM))
                0x00000200                        _Min_Heap_Size = 0x200
                0x00000400                        _Min_Stack_Size = 0x400

.isr_vector     0x08000000      0x10c
                0x08000000                        . = ALIGN (0x4)
 *(.isr_vector)
 .isr_vector    0x08000000      0x10c ./Core/Startup/startup_stm32f103c8tx.o
                0x08000000                g_pfnVectors
                0x0800010c                        . = ALIGN (0x4)

.text           0x08000110     0xa3a4
                0x08000110                        . = ALIGN (0x4)
 *(.text)
 .text          0x08000110       0x40 D:/STM32CubeIDE_1.19.0/STM32CubeIDE/plugins/com.st.stm32cube.ide.mcu.externaltools.gnu-tools-for-stm32.13.3.rel1.win32_1.0.0.202411081344/tools/bin/../lib/gcc/arm-none-eabi/13.3.1/thumb/v7-m/nofp/crtbegin.o
 .text          0x08000150      0x21c D:/STM32CubeIDE_1.19.0/STM32CubeIDE/plugins/com.st.stm32cube.ide.mcu.externaltools.gnu-tools-for-stm32.13.3.rel1.win32_1.0.0.202411081344/tools/bin/../lib/gcc/arm-none-eabi/13.3.1/thumb/v7-m/nofp\libgcc.a(_arm_addsubsf3.o)
                0x08000150                __aeabi_frsub
                0x08000158                __subsf3
                0x08000158                __aeabi_fsub
                0x0800015c                __aeabi_fadd
                0x0800015c                __addsf3
                0x080002bc                __aeabi_ui2f
                0x080002bc                __floatunsisf
                0x080002c4                __aeabi_i2f
                0x080002c4                __floatsisf
                0x080002e0                __aeabi_ul2f
                0x080002e0                __floatundisf
                0x080002f0                __aeabi_l2f
                0x080002f0                __floatdisf
 .text          0x0800036c      0x2a0 D:/STM32CubeIDE_1.19.0/STM32CubeIDE/plugins/com.st.stm32cube.ide.mcu.externaltools.gnu-tools-for-stm32.13.3.rel1.win32_1.0.0.202411081344/tools/bin/../lib/gcc/arm-none-eabi/13.3.1/thumb/v7-m/nofp\libgcc.a(_arm_muldivsf3.o)
                0x0800036c                __mulsf3
                0x0800036c                __aeabi_fmul
                0x080004d4                __aeabi_fdiv
                0x080004d4                __divsf3
 .text          0x0800060c       0xec D:/STM32CubeIDE_1.19.0/STM32CubeIDE/plugins/com.st.stm32cube.ide.mcu.externaltools.gnu-tools-for-stm32.13.3.rel1.win32_1.0.0.202411081344/tools/bin/../lib/gcc/arm-none-eabi/13.3.1/thumb/v7-m/nofp\libgcc.a(_arm_cmpsf2.o)
                0x0800060c                __gesf2
                0x0800060c                __gtsf2
                0x08000614                __lesf2
                0x08000614                __ltsf2
                0x0800061c                __nesf2
                0x0800061c                __eqsf2
                0x0800061c                __cmpsf2
                0x0800067c                __aeabi_cfrcmple
                0x08000684                __aeabi_cfcmpeq
                0x08000684                __aeabi_cfcmple
                0x08000694                __aeabi_fcmpeq
                0x080006a8                __aeabi_fcmplt
                0x080006bc                __aeabi_fcmple
                0x080006d0                __aeabi_fcmpge
                0x080006e4                __aeabi_fcmpgt
 .text          0x080006f8       0x40 D:/STM32CubeIDE_1.19.0/STM32CubeIDE/plugins/com.st.stm32cube.ide.mcu.externaltools.gnu-tools-for-stm32.13.3.rel1.win32_1.0.0.202411081344/tools/bin/../lib/gcc/arm-none-eabi/13.3.1/thumb/v7-m/nofp\libgcc.a(_arm_fixunssfsi.o)
                0x080006f8                __fixunssfsi
                0x080006f8                __aeabi_f2uiz
 *(.text*)
 .text.MotorRegisters_Load
                0x08000738       0xf8 ./Core/Src/StepControl.o
                0x08000738                MotorRegisters_Load
 .text.MotorRegisters_Save
                0x08000830       0xf8 ./Core/Src/StepControl.o
                0x08000830                MotorRegisters_Save
 .text.Motor_ProcessControl
                0x08000928       0xa4 ./Core/Src/StepControl.o
                0x08000928                Motor_ProcessControl
 .text.Motor1_Set_Direction
                0x080009cc       0x88 ./Core/Src/StepControl.o
                0x080009cc                Motor1_Set_Direction
 .text.Motor2_Set_Direction
                0x08000a54       0x7c ./Core/Src/StepControl.o
                0x08000a54                Motor2_Set_Direction
 .text.Motor_HandleOnOff
                0x08000ad0       0x16 ./Core/Src/StepControl.o
                0x08000ad0                Motor_HandleOnOff
 *fill*         0x08000ae6        0x2 
 .text.Motor_HandleRamp
                0x08000ae8      0x3a8 ./Core/Src/StepControl.o
                0x08000ae8                Motor_HandleRamp
 .text.Motor1_OutputPWM
                0x08000e90       0x48 ./Core/Src/StepControl.o
                0x08000e90                Motor1_OutputPWM
 .text.Motor2_OutputPWM
                0x08000ed8       0x78 ./Core/Src/StepControl.o
                0x08000ed8                Motor2_OutputPWM
 .text.initializeModbusRegisters
                0x08000f50      0x1c8 ./Core/Src/UartModbus.o
                0x08000f50                initializeModbusRegisters
 .text.calcCRC  0x08001118       0x78 ./Core/Src/UartModbus.o
                0x08001118                calcCRC
 .text.HAL_UART_RxCpltCallback
                0x08001190       0xdc ./Core/Src/UartModbus.o
                0x08001190                HAL_UART_RxCpltCallback
 .text.HAL_UART_ErrorCallback
                0x0800126c       0x64 ./Core/Src/UartModbus.o
                0x0800126c                HAL_UART_ErrorCallback
 .text.resetUARTCommunication
                0x080012d0       0x34 ./Core/Src/UartModbus.o
                0x080012d0                resetUARTCommunication
 .text.processModbusFrame
                0x08001304      0x598 ./Core/Src/UartModbus.o
                0x08001304                processModbusFrame
 .text.updateBaudrate
                0x0800189c       0xf4 ./Core/Src/UartModbus.o
                0x0800189c                updateBaudrate
 .text.main     0x08001990      0x14c ./Core/Src/main.o
                0x08001990                main
 .text.SystemClock_Config
                0x08001adc       0xb6 ./Core/Src/main.o
                0x08001adc                SystemClock_Config
 *fill*         0x08001b92        0x2 
 .text.MX_ADC1_Init
                0x08001b94       0x7c ./Core/Src/main.o
 .text.MX_I2C1_Init
                0x08001c10       0x5c ./Core/Src/main.o
 .text.MX_TIM1_Init
                0x08001c6c      0x158 ./Core/Src/main.o
 .text.MX_TIM2_Init
                0x08001dc4       0x98 ./Core/Src/main.o
 .text.MX_TIM3_Init
                0x08001e5c      0x104 ./Core/Src/main.o
 .text.MX_USART2_UART_Init
                0x08001f60       0x54 ./Core/Src/main.o
 .text.MX_GPIO_Init
                0x08001fb4      0x13c ./Core/Src/main.o
 .text.StartIOTask
                0x080020f0        0xc ./Core/Src/main.o
                0x080020f0                StartIOTask
 .text.StartUartTask
                0x080020fc       0x54 ./Core/Src/main.o
                0x080020fc                StartUartTask
 .text.StartMotorTask
                0x08002150       0x5c ./Core/Src/main.o
                0x08002150                StartMotorTask
 .text.Error_Handler
                0x080021ac        0xc ./Core/Src/main.o
                0x080021ac                Error_Handler
 .text.HAL_MspInit
                0x080021b8       0x80 ./Core/Src/stm32f1xx_hal_msp.o
                0x080021b8                HAL_MspInit
 .text.HAL_ADC_MspInit
                0x08002238       0x78 ./Core/Src/stm32f1xx_hal_msp.o
                0x08002238                HAL_ADC_MspInit
 .text.HAL_I2C_MspInit
                0x080022b0       0x9c ./Core/Src/stm32f1xx_hal_msp.o
                0x080022b0                HAL_I2C_MspInit
 .text.HAL_TIM_Base_MspInit
                0x0800234c       0xd8 ./Core/Src/stm32f1xx_hal_msp.o
                0x0800234c                HAL_TIM_Base_MspInit
 .text.HAL_TIM_MspPostInit
                0x08002424       0xa8 ./Core/Src/stm32f1xx_hal_msp.o
                0x08002424                HAL_TIM_MspPostInit
 .text.HAL_UART_MspInit
                0x080024cc       0xa4 ./Core/Src/stm32f1xx_hal_msp.o
                0x080024cc                HAL_UART_MspInit
 .text.HAL_UART_MspDeInit
                0x08002570       0x40 ./Core/Src/stm32f1xx_hal_msp.o
                0x08002570                HAL_UART_MspDeInit
 .text.NMI_Handler
                0x080025b0        0x8 ./Core/Src/stm32f1xx_it.o
                0x080025b0                NMI_Handler
 .text.HardFault_Handler
                0x080025b8        0x8 ./Core/Src/stm32f1xx_it.o
                0x080025b8                HardFault_Handler
 .text.MemManage_Handler
                0x080025c0        0x8 ./Core/Src/stm32f1xx_it.o
                0x080025c0                MemManage_Handler
 .text.BusFault_Handler
                0x080025c8        0x8 ./Core/Src/stm32f1xx_it.o
                0x080025c8                BusFault_Handler
 .text.UsageFault_Handler
                0x080025d0        0x8 ./Core/Src/stm32f1xx_it.o
                0x080025d0                UsageFault_Handler
 .text.DebugMon_Handler
                0x080025d8        0xc ./Core/Src/stm32f1xx_it.o
                0x080025d8                DebugMon_Handler
 .text.SysTick_Handler
                0x080025e4       0x1a ./Core/Src/stm32f1xx_it.o
                0x080025e4                SysTick_Handler
 .text.RCC_IRQHandler
                0x080025fe        0xc ./Core/Src/stm32f1xx_it.o
                0x080025fe                RCC_IRQHandler
 *fill*         0x0800260a        0x2 
 .text.TIM1_BRK_IRQHandler
                0x0800260c       0x14 ./Core/Src/stm32f1xx_it.o
                0x0800260c                TIM1_BRK_IRQHandler
 .text.TIM1_UP_IRQHandler
                0x08002620       0x14 ./Core/Src/stm32f1xx_it.o
                0x08002620                TIM1_UP_IRQHandler
 .text.TIM1_CC_IRQHandler
                0x08002634       0x14 ./Core/Src/stm32f1xx_it.o
                0x08002634                TIM1_CC_IRQHandler
 .text.TIM2_IRQHandler
                0x08002648       0x14 ./Core/Src/stm32f1xx_it.o
                0x08002648                TIM2_IRQHandler
 .text.TIM3_IRQHandler
                0x0800265c       0x14 ./Core/Src/stm32f1xx_it.o
                0x0800265c                TIM3_IRQHandler
 .text.I2C1_EV_IRQHandler
                0x08002670       0x14 ./Core/Src/stm32f1xx_it.o
                0x08002670                I2C1_EV_IRQHandler
 .text.I2C1_ER_IRQHandler
                0x08002684       0x14 ./Core/Src/stm32f1xx_it.o
                0x08002684                I2C1_ER_IRQHandler
 .text.USART2_IRQHandler
                0x08002698       0x14 ./Core/Src/stm32f1xx_it.o
                0x08002698                USART2_IRQHandler
 .text.SystemInit
                0x080026ac        0xc ./Core/Src/system_stm32f1xx.o
                0x080026ac                SystemInit
 .text.Reset_Handler
                0x080026b8       0x48 ./Core/Startup/startup_stm32f103c8tx.o
                0x080026b8                Reset_Handler
 .text.Default_Handler
                0x08002700        0x2 ./Core/Startup/startup_stm32f103c8tx.o
                0x08002700                RTC_Alarm_IRQHandler
                0x08002700                EXTI2_IRQHandler
                0x08002700                PVD_IRQHandler
                0x08002700                EXTI3_IRQHandler
                0x08002700                EXTI0_IRQHandler
                0x08002700                I2C2_EV_IRQHandler
                0x08002700                ADC1_2_IRQHandler
                0x08002700                SPI1_IRQHandler
                0x08002700                TAMPER_IRQHandler
                0x08002700                DMA1_Channel4_IRQHandler
                0x08002700                USART3_IRQHandler
                0x08002700                RTC_IRQHandler
                0x08002700                DMA1_Channel7_IRQHandler
                0x08002700                CAN1_RX1_IRQHandler
                0x08002700                TIM4_IRQHandler
                0x08002700                DMA1_Channel6_IRQHandler
                0x08002700                TIM1_TRG_COM_IRQHandler
                0x08002700                DMA1_Channel1_IRQHandler
                0x08002700                Default_Handler
                0x08002700                EXTI15_10_IRQHandler
                0x08002700                EXTI9_5_IRQHandler
                0x08002700                SPI2_IRQHandler
                0x08002700                DMA1_Channel5_IRQHandler
                0x08002700                EXTI4_IRQHandler
                0x08002700                USB_LP_CAN1_RX0_IRQHandler
                0x08002700                USB_HP_CAN1_TX_IRQHandler
                0x08002700                DMA1_Channel3_IRQHandler
                0x08002700                WWDG_IRQHandler
                0x08002700                EXTI1_IRQHandler
                0x08002700                I2C2_ER_IRQHandler
                0x08002700                DMA1_Channel2_IRQHandler
                0x08002700                CAN1_SCE_IRQHandler
                0x08002700                FLASH_IRQHandler
                0x08002700                USART1_IRQHandler
                0x08002700                USBWakeUp_IRQHandler
 *fill*         0x08002702        0x2 
 .text.HAL_Init
                0x08002704       0x2c ./Drivers/STM32F1xx_HAL_Driver/Src/stm32f1xx_hal.o
                0x08002704                HAL_Init
 .text.HAL_InitTick
                0x08002730       0x60 ./Drivers/STM32F1xx_HAL_Driver/Src/stm32f1xx_hal.o
                0x08002730                HAL_InitTick
 .text.HAL_IncTick
                0x08002790       0x24 ./Drivers/STM32F1xx_HAL_Driver/Src/stm32f1xx_hal.o
                0x08002790                HAL_IncTick
 .text.HAL_GetTick
                0x080027b4       0x14 ./Drivers/STM32F1xx_HAL_Driver/Src/stm32f1xx_hal.o
                0x080027b4                HAL_GetTick
 .text.HAL_ADC_Init
                0x080027c8      0x1b0 ./Drivers/STM32F1xx_HAL_Driver/Src/stm32f1xx_hal_adc.o
                0x080027c8                HAL_ADC_Init
 .text.HAL_ADC_ConfigChannel
                0x08002978      0x1f0 ./Drivers/STM32F1xx_HAL_Driver/Src/stm32f1xx_hal_adc.o
                0x08002978                HAL_ADC_ConfigChannel
 .text.ADC_ConversionStop_Disable
                0x08002b68       0x82 ./Drivers/STM32F1xx_HAL_Driver/Src/stm32f1xx_hal_adc.o
                0x08002b68                ADC_ConversionStop_Disable
 *fill*         0x08002bea        0x2 
 .text.__NVIC_SetPriorityGrouping
                0x08002bec       0x48 ./Drivers/STM32F1xx_HAL_Driver/Src/stm32f1xx_hal_cortex.o
 .text.__NVIC_GetPriorityGrouping
                0x08002c34       0x1c ./Drivers/STM32F1xx_HAL_Driver/Src/stm32f1xx_hal_cortex.o
 .text.__NVIC_EnableIRQ
                0x08002c50       0x38 ./Drivers/STM32F1xx_HAL_Driver/Src/stm32f1xx_hal_cortex.o
 .text.__NVIC_DisableIRQ
                0x08002c88       0x48 ./Drivers/STM32F1xx_HAL_Driver/Src/stm32f1xx_hal_cortex.o
 .text.__NVIC_SetPriority
                0x08002cd0       0x54 ./Drivers/STM32F1xx_HAL_Driver/Src/stm32f1xx_hal_cortex.o
 .text.NVIC_EncodePriority
                0x08002d24       0x64 ./Drivers/STM32F1xx_HAL_Driver/Src/stm32f1xx_hal_cortex.o
 .text.SysTick_Config
                0x08002d88       0x44 ./Drivers/STM32F1xx_HAL_Driver/Src/stm32f1xx_hal_cortex.o
 .text.HAL_NVIC_SetPriorityGrouping
                0x08002dcc       0x16 ./Drivers/STM32F1xx_HAL_Driver/Src/stm32f1xx_hal_cortex.o
                0x08002dcc                HAL_NVIC_SetPriorityGrouping
 .text.HAL_NVIC_SetPriority
                0x08002de2       0x38 ./Drivers/STM32F1xx_HAL_Driver/Src/stm32f1xx_hal_cortex.o
                0x08002de2                HAL_NVIC_SetPriority
 .text.HAL_NVIC_EnableIRQ
                0x08002e1a       0x1c ./Drivers/STM32F1xx_HAL_Driver/Src/stm32f1xx_hal_cortex.o
                0x08002e1a                HAL_NVIC_EnableIRQ
 .text.HAL_NVIC_DisableIRQ
                0x08002e36       0x1c ./Drivers/STM32F1xx_HAL_Driver/Src/stm32f1xx_hal_cortex.o
                0x08002e36                HAL_NVIC_DisableIRQ
 .text.HAL_SYSTICK_Config
                0x08002e52       0x18 ./Drivers/STM32F1xx_HAL_Driver/Src/stm32f1xx_hal_cortex.o
                0x08002e52                HAL_SYSTICK_Config
 .text.HAL_DMA_Abort
                0x08002e6a       0x76 ./Drivers/STM32F1xx_HAL_Driver/Src/stm32f1xx_hal_dma.o
                0x08002e6a                HAL_DMA_Abort
 .text.HAL_DMA_Abort_IT
                0x08002ee0       0xf0 ./Drivers/STM32F1xx_HAL_Driver/Src/stm32f1xx_hal_dma.o
                0x08002ee0                HAL_DMA_Abort_IT
 .text.HAL_DMA_GetState
                0x08002fd0       0x1a ./Drivers/STM32F1xx_HAL_Driver/Src/stm32f1xx_hal_dma.o
                0x08002fd0                HAL_DMA_GetState
 .text.HAL_DMA_GetError
                0x08002fea       0x16 ./Drivers/STM32F1xx_HAL_Driver/Src/stm32f1xx_hal_dma.o
                0x08002fea                HAL_DMA_GetError
 .text.HAL_GPIO_Init
                0x08003000      0x308 ./Drivers/STM32F1xx_HAL_Driver/Src/stm32f1xx_hal_gpio.o
                0x08003000                HAL_GPIO_Init
 .text.HAL_GPIO_DeInit
                0x08003308      0x178 ./Drivers/STM32F1xx_HAL_Driver/Src/stm32f1xx_hal_gpio.o
                0x08003308                HAL_GPIO_DeInit
 .text.HAL_GPIO_WritePin
                0x08003480       0x30 ./Drivers/STM32F1xx_HAL_Driver/Src/stm32f1xx_hal_gpio.o
                0x08003480                HAL_GPIO_WritePin
 .text.HAL_GPIO_TogglePin
                0x080034b0       0x32 ./Drivers/STM32F1xx_HAL_Driver/Src/stm32f1xx_hal_gpio.o
                0x080034b0                HAL_GPIO_TogglePin
 *fill*         0x080034e2        0x2 
 .text.HAL_I2C_Init
                0x080034e4      0x288 ./Drivers/STM32F1xx_HAL_Driver/Src/stm32f1xx_hal_i2c.o
                0x080034e4                HAL_I2C_Init
 .text.I2C_Flush_DR
                0x0800376c       0x28 ./Drivers/STM32F1xx_HAL_Driver/Src/stm32f1xx_hal_i2c.o
 .text.HAL_I2C_EV_IRQHandler
                0x08003794      0x2e2 ./Drivers/STM32F1xx_HAL_Driver/Src/stm32f1xx_hal_i2c.o
                0x08003794                HAL_I2C_EV_IRQHandler
 .text.HAL_I2C_ER_IRQHandler
                0x08003a76      0x15e ./Drivers/STM32F1xx_HAL_Driver/Src/stm32f1xx_hal_i2c.o
                0x08003a76                HAL_I2C_ER_IRQHandler
 .text.HAL_I2C_MasterTxCpltCallback
                0x08003bd4       0x12 ./Drivers/STM32F1xx_HAL_Driver/Src/stm32f1xx_hal_i2c.o
                0x08003bd4                HAL_I2C_MasterTxCpltCallback
 .text.HAL_I2C_MasterRxCpltCallback
                0x08003be6       0x12 ./Drivers/STM32F1xx_HAL_Driver/Src/stm32f1xx_hal_i2c.o
                0x08003be6                HAL_I2C_MasterRxCpltCallback
 .text.HAL_I2C_SlaveTxCpltCallback
                0x08003bf8       0x12 ./Drivers/STM32F1xx_HAL_Driver/Src/stm32f1xx_hal_i2c.o
                0x08003bf8                HAL_I2C_SlaveTxCpltCallback
 .text.HAL_I2C_SlaveRxCpltCallback
                0x08003c0a       0x12 ./Drivers/STM32F1xx_HAL_Driver/Src/stm32f1xx_hal_i2c.o
                0x08003c0a                HAL_I2C_SlaveRxCpltCallback
 .text.HAL_I2C_AddrCallback
                0x08003c1c       0x1a ./Drivers/STM32F1xx_HAL_Driver/Src/stm32f1xx_hal_i2c.o
                0x08003c1c                HAL_I2C_AddrCallback
 .text.HAL_I2C_ListenCpltCallback
                0x08003c36       0x12 ./Drivers/STM32F1xx_HAL_Driver/Src/stm32f1xx_hal_i2c.o
                0x08003c36                HAL_I2C_ListenCpltCallback
 .text.HAL_I2C_MemTxCpltCallback
                0x08003c48       0x12 ./Drivers/STM32F1xx_HAL_Driver/Src/stm32f1xx_hal_i2c.o
                0x08003c48                HAL_I2C_MemTxCpltCallback
 .text.HAL_I2C_MemRxCpltCallback
                0x08003c5a       0x12 ./Drivers/STM32F1xx_HAL_Driver/Src/stm32f1xx_hal_i2c.o
                0x08003c5a                HAL_I2C_MemRxCpltCallback
 .text.HAL_I2C_ErrorCallback
                0x08003c6c       0x12 ./Drivers/STM32F1xx_HAL_Driver/Src/stm32f1xx_hal_i2c.o
                0x08003c6c                HAL_I2C_ErrorCallback
 .text.HAL_I2C_AbortCpltCallback
                0x08003c7e       0x12 ./Drivers/STM32F1xx_HAL_Driver/Src/stm32f1xx_hal_i2c.o
                0x08003c7e                HAL_I2C_AbortCpltCallback
 .text.I2C_MasterTransmit_TXE
                0x08003c90      0x138 ./Drivers/STM32F1xx_HAL_Driver/Src/stm32f1xx_hal_i2c.o
 .text.I2C_MasterTransmit_BTF
                0x08003dc8       0xec ./Drivers/STM32F1xx_HAL_Driver/Src/stm32f1xx_hal_i2c.o
 .text.I2C_MemoryTransmit_TXE_BTF
                0x08003eb4      0x130 ./Drivers/STM32F1xx_HAL_Driver/Src/stm32f1xx_hal_i2c.o
 .text.I2C_MasterReceive_RXNE
                0x08003fe4      0x190 ./Drivers/STM32F1xx_HAL_Driver/Src/stm32f1xx_hal_i2c.o
 .text.I2C_MasterReceive_BTF
                0x08004174      0x1e2 ./Drivers/STM32F1xx_HAL_Driver/Src/stm32f1xx_hal_i2c.o
 .text.I2C_Master_SB
                0x08004356      0x10a ./Drivers/STM32F1xx_HAL_Driver/Src/stm32f1xx_hal_i2c.o
 .text.I2C_Master_ADD10
                0x08004460       0x52 ./Drivers/STM32F1xx_HAL_Driver/Src/stm32f1xx_hal_i2c.o
 .text.I2C_Master_ADDR
                0x080044b2      0x336 ./Drivers/STM32F1xx_HAL_Driver/Src/stm32f1xx_hal_i2c.o
 .text.I2C_SlaveTransmit_TXE
                0x080047e8       0x7a ./Drivers/STM32F1xx_HAL_Driver/Src/stm32f1xx_hal_i2c.o
 .text.I2C_SlaveTransmit_BTF
                0x08004862       0x40 ./Drivers/STM32F1xx_HAL_Driver/Src/stm32f1xx_hal_i2c.o
 .text.I2C_SlaveReceive_RXNE
                0x080048a2       0x7c ./Drivers/STM32F1xx_HAL_Driver/Src/stm32f1xx_hal_i2c.o
 .text.I2C_SlaveReceive_BTF
                0x0800491e       0x42 ./Drivers/STM32F1xx_HAL_Driver/Src/stm32f1xx_hal_i2c.o
 .text.I2C_Slave_ADDR
                0x08004960       0x94 ./Drivers/STM32F1xx_HAL_Driver/Src/stm32f1xx_hal_i2c.o
 .text.I2C_Slave_STOPF
                0x080049f4      0x260 ./Drivers/STM32F1xx_HAL_Driver/Src/stm32f1xx_hal_i2c.o
 .text.I2C_Slave_AF
                0x08004c54       0xe8 ./Drivers/STM32F1xx_HAL_Driver/Src/stm32f1xx_hal_i2c.o
 .text.I2C_ITError
                0x08004d3c      0x264 ./Drivers/STM32F1xx_HAL_Driver/Src/stm32f1xx_hal_i2c.o
 .text.I2C_DMAAbort
                0x08004fa0      0x150 ./Drivers/STM32F1xx_HAL_Driver/Src/stm32f1xx_hal_i2c.o
 .text.I2C_WaitOnSTOPRequestThroughIT
                0x080050f0       0x64 ./Drivers/STM32F1xx_HAL_Driver/Src/stm32f1xx_hal_i2c.o
 .text.I2C_ConvertOtherXferOptions
                0x08005154       0x34 ./Drivers/STM32F1xx_HAL_Driver/Src/stm32f1xx_hal_i2c.o
 .text.HAL_RCC_OscConfig
                0x08005188      0x504 ./Drivers/STM32F1xx_HAL_Driver/Src/stm32f1xx_hal_rcc.o
                0x08005188                HAL_RCC_OscConfig
 .text.HAL_RCC_ClockConfig
                0x0800568c      0x1d4 ./Drivers/STM32F1xx_HAL_Driver/Src/stm32f1xx_hal_rcc.o
                0x0800568c                HAL_RCC_ClockConfig
 .text.HAL_RCC_GetSysClockFreq
                0x08005860       0xa8 ./Drivers/STM32F1xx_HAL_Driver/Src/stm32f1xx_hal_rcc.o
                0x08005860                HAL_RCC_GetSysClockFreq
 .text.HAL_RCC_GetHCLKFreq
                0x08005908       0x14 ./Drivers/STM32F1xx_HAL_Driver/Src/stm32f1xx_hal_rcc.o
                0x08005908                HAL_RCC_GetHCLKFreq
 .text.HAL_RCC_GetPCLK1Freq
                0x0800591c       0x28 ./Drivers/STM32F1xx_HAL_Driver/Src/stm32f1xx_hal_rcc.o
                0x0800591c                HAL_RCC_GetPCLK1Freq
 .text.HAL_RCC_GetPCLK2Freq
                0x08005944       0x28 ./Drivers/STM32F1xx_HAL_Driver/Src/stm32f1xx_hal_rcc.o
                0x08005944                HAL_RCC_GetPCLK2Freq
 .text.RCC_Delay
                0x0800596c       0x3c ./Drivers/STM32F1xx_HAL_Driver/Src/stm32f1xx_hal_rcc.o
 .text.HAL_RCCEx_PeriphCLKConfig
                0x080059a8      0x16c ./Drivers/STM32F1xx_HAL_Driver/Src/stm32f1xx_hal_rcc_ex.o
                0x080059a8                HAL_RCCEx_PeriphCLKConfig
 .text.HAL_TIM_Base_Init
                0x08005b14       0x9e ./Drivers/STM32F1xx_HAL_Driver/Src/stm32f1xx_hal_tim.o
                0x08005b14                HAL_TIM_Base_Init
 .text.HAL_TIM_PWM_Init
                0x08005bb2       0x9e ./Drivers/STM32F1xx_HAL_Driver/Src/stm32f1xx_hal_tim.o
                0x08005bb2                HAL_TIM_PWM_Init
 .text.HAL_TIM_PWM_MspInit
                0x08005c50       0x12 ./Drivers/STM32F1xx_HAL_Driver/Src/stm32f1xx_hal_tim.o
                0x08005c50                HAL_TIM_PWM_MspInit
 *fill*         0x08005c62        0x2 
 .text.HAL_TIM_PWM_Start
                0x08005c64      0x144 ./Drivers/STM32F1xx_HAL_Driver/Src/stm32f1xx_hal_tim.o
                0x08005c64                HAL_TIM_PWM_Start
 .text.HAL_TIM_PWM_Stop
                0x08005da8       0xc8 ./Drivers/STM32F1xx_HAL_Driver/Src/stm32f1xx_hal_tim.o
                0x08005da8                HAL_TIM_PWM_Stop
 .text.HAL_TIM_IRQHandler
                0x08005e70      0x1e0 ./Drivers/STM32F1xx_HAL_Driver/Src/stm32f1xx_hal_tim.o
                0x08005e70                HAL_TIM_IRQHandler
 .text.HAL_TIM_PWM_ConfigChannel
                0x08006050      0x184 ./Drivers/STM32F1xx_HAL_Driver/Src/stm32f1xx_hal_tim.o
                0x08006050                HAL_TIM_PWM_ConfigChannel
 .text.HAL_TIM_ConfigClockSource
                0x080061d4      0x18e ./Drivers/STM32F1xx_HAL_Driver/Src/stm32f1xx_hal_tim.o
                0x080061d4                HAL_TIM_ConfigClockSource
 .text.HAL_TIM_PeriodElapsedCallback
                0x08006362       0x12 ./Drivers/STM32F1xx_HAL_Driver/Src/stm32f1xx_hal_tim.o
                0x08006362                HAL_TIM_PeriodElapsedCallback
 .text.HAL_TIM_OC_DelayElapsedCallback
                0x08006374       0x12 ./Drivers/STM32F1xx_HAL_Driver/Src/stm32f1xx_hal_tim.o
                0x08006374                HAL_TIM_OC_DelayElapsedCallback
 .text.HAL_TIM_IC_CaptureCallback
                0x08006386       0x12 ./Drivers/STM32F1xx_HAL_Driver/Src/stm32f1xx_hal_tim.o
                0x08006386                HAL_TIM_IC_CaptureCallback
 .text.HAL_TIM_PWM_PulseFinishedCallback
                0x08006398       0x12 ./Drivers/STM32F1xx_HAL_Driver/Src/stm32f1xx_hal_tim.o
                0x08006398                HAL_TIM_PWM_PulseFinishedCallback
 .text.HAL_TIM_TriggerCallback
                0x080063aa       0x12 ./Drivers/STM32F1xx_HAL_Driver/Src/stm32f1xx_hal_tim.o
                0x080063aa                HAL_TIM_TriggerCallback
 .text.TIM_Base_SetConfig
                0x080063bc       0xdc ./Drivers/STM32F1xx_HAL_Driver/Src/stm32f1xx_hal_tim.o
                0x080063bc                TIM_Base_SetConfig
 .text.TIM_OC1_SetConfig
                0x08006498       0xcc ./Drivers/STM32F1xx_HAL_Driver/Src/stm32f1xx_hal_tim.o
 .text.TIM_OC2_SetConfig
                0x08006564       0xd4 ./Drivers/STM32F1xx_HAL_Driver/Src/stm32f1xx_hal_tim.o
                0x08006564                TIM_OC2_SetConfig
 .text.TIM_OC3_SetConfig
                0x08006638       0xd4 ./Drivers/STM32F1xx_HAL_Driver/Src/stm32f1xx_hal_tim.o
 .text.TIM_OC4_SetConfig
                0x0800670c       0x9c ./Drivers/STM32F1xx_HAL_Driver/Src/stm32f1xx_hal_tim.o
 .text.TIM_TI1_ConfigInputStage
                0x080067a8       0x5c ./Drivers/STM32F1xx_HAL_Driver/Src/stm32f1xx_hal_tim.o
 .text.TIM_TI2_ConfigInputStage
                0x08006804       0x5e ./Drivers/STM32F1xx_HAL_Driver/Src/stm32f1xx_hal_tim.o
 .text.TIM_ITRx_SetConfig
                0x08006862       0x34 ./Drivers/STM32F1xx_HAL_Driver/Src/stm32f1xx_hal_tim.o
 .text.TIM_ETR_SetConfig
                0x08006896       0x3e ./Drivers/STM32F1xx_HAL_Driver/Src/stm32f1xx_hal_tim.o
                0x08006896                TIM_ETR_SetConfig
 .text.TIM_CCxChannelCmd
                0x080068d4       0x48 ./Drivers/STM32F1xx_HAL_Driver/Src/stm32f1xx_hal_tim.o
                0x080068d4                TIM_CCxChannelCmd
 .text.HAL_TIMEx_MasterConfigSynchronization
                0x0800691c       0xbc ./Drivers/STM32F1xx_HAL_Driver/Src/stm32f1xx_hal_tim_ex.o
                0x0800691c                HAL_TIMEx_MasterConfigSynchronization
 .text.HAL_TIMEx_ConfigBreakDeadTime
                0x080069d8       0xa2 ./Drivers/STM32F1xx_HAL_Driver/Src/stm32f1xx_hal_tim_ex.o
                0x080069d8                HAL_TIMEx_ConfigBreakDeadTime
 .text.HAL_TIMEx_CommutCallback
                0x08006a7a       0x12 ./Drivers/STM32F1xx_HAL_Driver/Src/stm32f1xx_hal_tim_ex.o
                0x08006a7a                HAL_TIMEx_CommutCallback
 .text.HAL_TIMEx_BreakCallback
                0x08006a8c       0x12 ./Drivers/STM32F1xx_HAL_Driver/Src/stm32f1xx_hal_tim_ex.o
                0x08006a8c                HAL_TIMEx_BreakCallback
 .text.HAL_UART_Init
                0x08006a9e       0xa0 ./Drivers/STM32F1xx_HAL_Driver/Src/stm32f1xx_hal_uart.o
                0x08006a9e                HAL_UART_Init
 .text.HAL_UART_DeInit
                0x08006b3e       0x64 ./Drivers/STM32F1xx_HAL_Driver/Src/stm32f1xx_hal_uart.o
                0x08006b3e                HAL_UART_DeInit
 .text.HAL_UART_Transmit
                0x08006ba2      0x116 ./Drivers/STM32F1xx_HAL_Driver/Src/stm32f1xx_hal_uart.o
                0x08006ba2                HAL_UART_Transmit
 .text.HAL_UART_Receive_IT
                0x08006cb8       0x4a ./Drivers/STM32F1xx_HAL_Driver/Src/stm32f1xx_hal_uart.o
                0x08006cb8                HAL_UART_Receive_IT
 .text.HAL_UART_Abort
                0x08006d02      0x1d6 ./Drivers/STM32F1xx_HAL_Driver/Src/stm32f1xx_hal_uart.o
                0x08006d02                HAL_UART_Abort
 .text.HAL_UART_IRQHandler
                0x08006ed8      0x524 ./Drivers/STM32F1xx_HAL_Driver/Src/stm32f1xx_hal_uart.o
                0x08006ed8                HAL_UART_IRQHandler
 .text.HAL_UART_TxCpltCallback
                0x080073fc       0x12 ./Drivers/STM32F1xx_HAL_Driver/Src/stm32f1xx_hal_uart.o
                0x080073fc                HAL_UART_TxCpltCallback
 .text.HAL_UARTEx_RxEventCallback
                0x0800740e       0x16 ./Drivers/STM32F1xx_HAL_Driver/Src/stm32f1xx_hal_uart.o
                0x0800740e                HAL_UARTEx_RxEventCallback
 .text.UART_WaitOnFlagUntilTimeout
                0x08007424       0xb2 ./Drivers/STM32F1xx_HAL_Driver/Src/stm32f1xx_hal_uart.o
 .text.UART_Start_Receive_IT
                0x080074d6       0x72 ./Drivers/STM32F1xx_HAL_Driver/Src/stm32f1xx_hal_uart.o
                0x080074d6                UART_Start_Receive_IT
 .text.UART_EndRxTransfer
                0x08007548       0xc4 ./Drivers/STM32F1xx_HAL_Driver/Src/stm32f1xx_hal_uart.o
 .text.UART_DMAAbortOnError
                0x0800760c       0x28 ./Drivers/STM32F1xx_HAL_Driver/Src/stm32f1xx_hal_uart.o
 .text.UART_Transmit_IT
                0x08007634       0x9e ./Drivers/STM32F1xx_HAL_Driver/Src/stm32f1xx_hal_uart.o
 .text.UART_EndTransmit_IT
                0x080076d2       0x30 ./Drivers/STM32F1xx_HAL_Driver/Src/stm32f1xx_hal_uart.o
 .text.UART_Receive_IT
                0x08007702      0x17c ./Drivers/STM32F1xx_HAL_Driver/Src/stm32f1xx_hal_uart.o
 *fill*         0x0800787e        0x2 
 .text.UART_SetConfig
                0x08007880      0x11c ./Drivers/STM32F1xx_HAL_Driver/Src/stm32f1xx_hal_uart.o
 .text.__NVIC_SetPriority
                0x0800799c       0x54 ./Middlewares/Third_Party/FreeRTOS/Source/CMSIS_RTOS_V2/cmsis_os2.o
 .text.SVC_Setup
                0x080079f0       0x12 ./Middlewares/Third_Party/FreeRTOS/Source/CMSIS_RTOS_V2/cmsis_os2.o
 *fill*         0x08007a02        0x2 
 .text.osKernelInitialize
                0x08007a04       0x44 ./Middlewares/Third_Party/FreeRTOS/Source/CMSIS_RTOS_V2/cmsis_os2.o
                0x08007a04                osKernelInitialize
 .text.osKernelStart
                0x08007a48       0x4c ./Middlewares/Third_Party/FreeRTOS/Source/CMSIS_RTOS_V2/cmsis_os2.o
                0x08007a48                osKernelStart
 .text.osThreadNew
                0x08007a94      0x124 ./Middlewares/Third_Party/FreeRTOS/Source/CMSIS_RTOS_V2/cmsis_os2.o
                0x08007a94                osThreadNew
 .text.osDelay  0x08007bb8       0x36 ./Middlewares/Third_Party/FreeRTOS/Source/CMSIS_RTOS_V2/cmsis_os2.o
                0x08007bb8                osDelay
 *fill*         0x08007bee        0x2 
 .text.vApplicationGetIdleTaskMemory
                0x08007bf0       0x30 ./Middlewares/Third_Party/FreeRTOS/Source/CMSIS_RTOS_V2/cmsis_os2.o
                0x08007bf0                vApplicationGetIdleTaskMemory
 .text.vApplicationGetTimerTaskMemory
                0x08007c20       0x34 ./Middlewares/Third_Party/FreeRTOS/Source/CMSIS_RTOS_V2/cmsis_os2.o
                0x08007c20                vApplicationGetTimerTaskMemory
 .text.vListInitialise
                0x08007c54       0x3e ./Middlewares/Third_Party/FreeRTOS/Source/list.o
                0x08007c54                vListInitialise
 .text.vListInitialiseItem
                0x08007c92       0x18 ./Middlewares/Third_Party/FreeRTOS/Source/list.o
                0x08007c92                vListInitialiseItem
 .text.vListInsertEnd
                0x08007caa       0x46 ./Middlewares/Third_Party/FreeRTOS/Source/list.o
                0x08007caa                vListInsertEnd
 .text.vListInsert
                0x08007cf0       0x70 ./Middlewares/Third_Party/FreeRTOS/Source/list.o
                0x08007cf0                vListInsert
 .text.uxListRemove
                0x08007d60       0x52 ./Middlewares/Third_Party/FreeRTOS/Source/list.o
                0x08007d60                uxListRemove
 *fill*         0x08007db2        0x2 
 .text.xQueueGenericReset
                0x08007db4       0xd4 ./Middlewares/Third_Party/FreeRTOS/Source/queue.o
                0x08007db4                xQueueGenericReset
 .text.xQueueGenericCreateStatic
                0x08007e88       0xfa ./Middlewares/Third_Party/FreeRTOS/Source/queue.o
                0x08007e88                xQueueGenericCreateStatic
 .text.prvInitialiseNewQueue
                0x08007f82       0x46 ./Middlewares/Third_Party/FreeRTOS/Source/queue.o
 .text.xQueueGenericSend
                0x08007fc8      0x204 ./Middlewares/Third_Party/FreeRTOS/Source/queue.o
                0x08007fc8                xQueueGenericSend
 .text.xQueueGenericSendFromISR
                0x080081cc      0x13c ./Middlewares/Third_Party/FreeRTOS/Source/queue.o
                0x080081cc                xQueueGenericSendFromISR
 .text.xQueueReceive
                0x08008308      0x1c4 ./Middlewares/Third_Party/FreeRTOS/Source/queue.o
                0x08008308                xQueueReceive
 .text.prvCopyDataToQueue
                0x080084cc       0xd4 ./Middlewares/Third_Party/FreeRTOS/Source/queue.o
 .text.prvCopyDataFromQueue
                0x080085a0       0x4c ./Middlewares/Third_Party/FreeRTOS/Source/queue.o
 .text.prvUnlockQueue
                0x080085ec       0xa4 ./Middlewares/Third_Party/FreeRTOS/Source/queue.o
 .text.prvIsQueueEmpty
                0x08008690       0x2c ./Middlewares/Third_Party/FreeRTOS/Source/queue.o
 .text.prvIsQueueFull
                0x080086bc       0x30 ./Middlewares/Third_Party/FreeRTOS/Source/queue.o
 .text.vQueueAddToRegistry
                0x080086ec       0x50 ./Middlewares/Third_Party/FreeRTOS/Source/queue.o
                0x080086ec                vQueueAddToRegistry
 .text.vQueueWaitForMessageRestricted
                0x0800873c       0x68 ./Middlewares/Third_Party/FreeRTOS/Source/queue.o
                0x0800873c                vQueueWaitForMessageRestricted
 .text.xTaskCreateStatic
                0x080087a4       0xc0 ./Middlewares/Third_Party/FreeRTOS/Source/tasks.o
                0x080087a4                xTaskCreateStatic
 .text.xTaskCreate
                0x08008864       0x8a ./Middlewares/Third_Party/FreeRTOS/Source/tasks.o
                0x08008864                xTaskCreate
 .text.prvInitialiseNewTask
                0x080088ee      0x120 ./Middlewares/Third_Party/FreeRTOS/Source/tasks.o
 *fill*         0x08008a0e        0x2 
 .text.prvAddNewTaskToReadyList
                0x08008a10       0xe0 ./Middlewares/Third_Party/FreeRTOS/Source/tasks.o
 .text.vTaskDelay
                0x08008af0       0x6c ./Middlewares/Third_Party/FreeRTOS/Source/tasks.o
                0x08008af0                vTaskDelay
 .text.vTaskStartScheduler
                0x08008b5c       0xd0 ./Middlewares/Third_Party/FreeRTOS/Source/tasks.o
                0x08008b5c                vTaskStartScheduler
 .text.vTaskSuspendAll
                0x08008c2c       0x1c ./Middlewares/Third_Party/FreeRTOS/Source/tasks.o
                0x08008c2c                vTaskSuspendAll
 .text.xTaskResumeAll
                0x08008c48      0x13c ./Middlewares/Third_Party/FreeRTOS/Source/tasks.o
                0x08008c48                xTaskResumeAll
 .text.xTaskGetTickCount
                0x08008d84       0x1c ./Middlewares/Third_Party/FreeRTOS/Source/tasks.o
                0x08008d84                xTaskGetTickCount
 .text.xTaskIncrementTick
                0x08008da0      0x174 ./Middlewares/Third_Party/FreeRTOS/Source/tasks.o
                0x08008da0                xTaskIncrementTick
 .text.vTaskSwitchContext
                0x08008f14       0xbc ./Middlewares/Third_Party/FreeRTOS/Source/tasks.o
                0x08008f14                vTaskSwitchContext
 .text.vTaskPlaceOnEventList
                0x08008fd0       0x4c ./Middlewares/Third_Party/FreeRTOS/Source/tasks.o
                0x08008fd0                vTaskPlaceOnEventList
 .text.vTaskPlaceOnEventListRestricted
                0x0800901c       0x58 ./Middlewares/Third_Party/FreeRTOS/Source/tasks.o
                0x0800901c                vTaskPlaceOnEventListRestricted
 .text.xTaskRemoveFromEventList
                0x08009074       0xc8 ./Middlewares/Third_Party/FreeRTOS/Source/tasks.o
                0x08009074                xTaskRemoveFromEventList
 .text.vTaskInternalSetTimeOutState
                0x0800913c       0x2c ./Middlewares/Third_Party/FreeRTOS/Source/tasks.o
                0x0800913c                vTaskInternalSetTimeOutState
 .text.xTaskCheckForTimeOut
                0x08009168       0xc8 ./Middlewares/Third_Party/FreeRTOS/Source/tasks.o
                0x08009168                xTaskCheckForTimeOut
 .text.vTaskMissedYield
                0x08009230       0x18 ./Middlewares/Third_Party/FreeRTOS/Source/tasks.o
                0x08009230                vTaskMissedYield
 .text.prvIdleTask
                0x08009248       0x30 ./Middlewares/Third_Party/FreeRTOS/Source/tasks.o
 .text.prvInitialiseTaskLists
                0x08009278       0x80 ./Middlewares/Third_Party/FreeRTOS/Source/tasks.o
 .text.prvCheckTasksWaitingTermination
                0x080092f8       0x5c ./Middlewares/Third_Party/FreeRTOS/Source/tasks.o
 .text.prvDeleteTCB
                0x08009354       0x60 ./Middlewares/Third_Party/FreeRTOS/Source/tasks.o
 .text.prvResetNextTaskUnblockTime
                0x080093b4       0x40 ./Middlewares/Third_Party/FreeRTOS/Source/tasks.o
 .text.xTaskGetSchedulerState
                0x080093f4       0x3c ./Middlewares/Third_Party/FreeRTOS/Source/tasks.o
                0x080093f4                xTaskGetSchedulerState
 .text.xTaskPriorityDisinherit
                0x08009430       0xe0 ./Middlewares/Third_Party/FreeRTOS/Source/tasks.o
                0x08009430                xTaskPriorityDisinherit
 .text.prvAddCurrentTaskToDelayedList
                0x08009510       0xa8 ./Middlewares/Third_Party/FreeRTOS/Source/tasks.o
 .text.xTimerCreateTimerTask
                0x080095b8       0x94 ./Middlewares/Third_Party/FreeRTOS/Source/timers.o
                0x080095b8                xTimerCreateTimerTask
 .text.xTimerGenericCommand
                0x0800964c       0x9c ./Middlewares/Third_Party/FreeRTOS/Source/timers.o
                0x0800964c                xTimerGenericCommand
 .text.prvProcessExpiredTimer
                0x080096e8       0x9c ./Middlewares/Third_Party/FreeRTOS/Source/timers.o
 .text.prvTimerTask
                0x08009784       0x26 ./Middlewares/Third_Party/FreeRTOS/Source/timers.o
 *fill*         0x080097aa        0x2 
 .text.prvProcessTimerOrBlockTask
                0x080097ac       0x9c ./Middlewares/Third_Party/FreeRTOS/Source/timers.o
 .text.prvGetNextExpireTime
                0x08009848       0x44 ./Middlewares/Third_Party/FreeRTOS/Source/timers.o
 .text.prvSampleTimeNow
                0x0800988c       0x40 ./Middlewares/Third_Party/FreeRTOS/Source/timers.o
 .text.prvInsertTimerInActiveList
                0x080098cc       0x84 ./Middlewares/Third_Party/FreeRTOS/Source/timers.o
 .text.prvProcessReceivedCommands
                0x08009950      0x1cc ./Middlewares/Third_Party/FreeRTOS/Source/timers.o
 .text.prvSwitchTimerLists
                0x08009b1c       0xcc ./Middlewares/Third_Party/FreeRTOS/Source/timers.o
 .text.prvCheckForValidListAndQueue
                0x08009be8       0x80 ./Middlewares/Third_Party/FreeRTOS/Source/timers.o
 .text.pxPortInitialiseStack
                0x08009c68       0x58 ./Middlewares/Third_Party/FreeRTOS/Source/portable/GCC/ARM_CM3/port.o
                0x08009c68                pxPortInitialiseStack
 .text.prvTaskExitError
                0x08009cc0       0x58 ./Middlewares/Third_Party/FreeRTOS/Source/portable/GCC/ARM_CM3/port.o
 *fill*         0x08009d18        0x8 
 .text.SVC_Handler
                0x08009d20       0x28 ./Middlewares/Third_Party/FreeRTOS/Source/portable/GCC/ARM_CM3/port.o
                0x08009d20                SVC_Handler
 .text.prvPortStartFirstTask
                0x08009d48       0x20 ./Middlewares/Third_Party/FreeRTOS/Source/portable/GCC/ARM_CM3/port.o
 .text.xPortStartScheduler
                0x08009d68       0xe4 ./Middlewares/Third_Party/FreeRTOS/Source/portable/GCC/ARM_CM3/port.o
                0x08009d68                xPortStartScheduler
 .text.vPortEnterCritical
                0x08009e4c       0x60 ./Middlewares/Third_Party/FreeRTOS/Source/portable/GCC/ARM_CM3/port.o
                0x08009e4c                vPortEnterCritical
 .text.vPortExitCritical
                0x08009eac       0x54 ./Middlewares/Third_Party/FreeRTOS/Source/portable/GCC/ARM_CM3/port.o
                0x08009eac                vPortExitCritical
 .text.PendSV_Handler
                0x08009f00       0x48 ./Middlewares/Third_Party/FreeRTOS/Source/portable/GCC/ARM_CM3/port.o
                0x08009f00                PendSV_Handler
 .text.xPortSysTickHandler
                0x08009f48       0x44 ./Middlewares/Third_Party/FreeRTOS/Source/portable/GCC/ARM_CM3/port.o
                0x08009f48                xPortSysTickHandler
 .text.vPortSetupTimerInterrupt
                0x08009f8c       0x44 ./Middlewares/Third_Party/FreeRTOS/Source/portable/GCC/ARM_CM3/port.o
                0x08009f8c                vPortSetupTimerInterrupt
 .text.vPortValidateInterruptPriority
                0x08009fd0       0x80 ./Middlewares/Third_Party/FreeRTOS/Source/portable/GCC/ARM_CM3/port.o
                0x08009fd0                vPortValidateInterruptPriority
 .text.pvPortMalloc
                0x0800a050      0x19c ./Middlewares/Third_Party/FreeRTOS/Source/portable/MemMang/heap_4.o
                0x0800a050                pvPortMalloc
 .text.vPortFree
                0x0800a1ec       0xc8 ./Middlewares/Third_Party/FreeRTOS/Source/portable/MemMang/heap_4.o
                0x0800a1ec                vPortFree
 .text.prvHeapInit
                0x0800a2b4       0xc4 ./Middlewares/Third_Party/FreeRTOS/Source/portable/MemMang/heap_4.o
 .text.prvInsertBlockIntoFreeList
                0x0800a378       0xb0 ./Middlewares/Third_Party/FreeRTOS/Source/portable/MemMang/heap_4.o
 .text.memset   0x0800a428       0x10 D:/STM32CubeIDE_1.19.0/STM32CubeIDE/plugins/com.st.stm32cube.ide.mcu.externaltools.gnu-tools-for-stm32.13.3.rel1.win32_1.0.0.202411081344/tools/bin/../lib/gcc/arm-none-eabi/13.3.1/../../../../arm-none-eabi/lib/thumb/v7-m/nofp\libc_nano.a(libc_a-memset.o)
                0x0800a428                memset
 .text.__libc_init_array
                0x0800a438       0x48 D:/STM32CubeIDE_1.19.0/STM32CubeIDE/plugins/com.st.stm32cube.ide.mcu.externaltools.gnu-tools-for-stm32.13.3.rel1.win32_1.0.0.202411081344/tools/bin/../lib/gcc/arm-none-eabi/13.3.1/../../../../arm-none-eabi/lib/thumb/v7-m/nofp\libc_nano.a(libc_a-init.o)
                0x0800a438                __libc_init_array
 .text.memcpy   0x0800a480       0x1c D:/STM32CubeIDE_1.19.0/STM32CubeIDE/plugins/com.st.stm32cube.ide.mcu.externaltools.gnu-tools-for-stm32.13.3.rel1.win32_1.0.0.202411081344/tools/bin/../lib/gcc/arm-none-eabi/13.3.1/../../../../arm-none-eabi/lib/thumb/v7-m/nofp\libc_nano.a(libc_a-memcpy-stub.o)
                0x0800a480                memcpy
 *(.glue_7)
 .glue_7        0x0800a49c        0x0 linker stubs
 *(.glue_7t)
 .glue_7t       0x0800a49c        0x0 linker stubs
 *(.eh_frame)
 .eh_frame      0x0800a49c        0x0 D:/STM32CubeIDE_1.19.0/STM32CubeIDE/plugins/com.st.stm32cube.ide.mcu.externaltools.gnu-tools-for-stm32.13.3.rel1.win32_1.0.0.202411081344/tools/bin/../lib/gcc/arm-none-eabi/13.3.1/thumb/v7-m/nofp/crtbegin.o
 *(.init)
 .init          0x0800a49c        0x4 D:/STM32CubeIDE_1.19.0/STM32CubeIDE/plugins/com.st.stm32cube.ide.mcu.externaltools.gnu-tools-for-stm32.13.3.rel1.win32_1.0.0.202411081344/tools/bin/../lib/gcc/arm-none-eabi/13.3.1/thumb/v7-m/nofp/crti.o
                0x0800a49c                _init
 .init          0x0800a4a0        0x8 D:/STM32CubeIDE_1.19.0/STM32CubeIDE/plugins/com.st.stm32cube.ide.mcu.externaltools.gnu-tools-for-stm32.13.3.rel1.win32_1.0.0.202411081344/tools/bin/../lib/gcc/arm-none-eabi/13.3.1/thumb/v7-m/nofp/crtn.o
 *(.fini)
 .fini          0x0800a4a8        0x4 D:/STM32CubeIDE_1.19.0/STM32CubeIDE/plugins/com.st.stm32cube.ide.mcu.externaltools.gnu-tools-for-stm32.13.3.rel1.win32_1.0.0.202411081344/tools/bin/../lib/gcc/arm-none-eabi/13.3.1/thumb/v7-m/nofp/crti.o
                0x0800a4a8                _fini
 .fini          0x0800a4ac        0x8 D:/STM32CubeIDE_1.19.0/STM32CubeIDE/plugins/com.st.stm32cube.ide.mcu.externaltools.gnu-tools-for-stm32.13.3.rel1.win32_1.0.0.202411081344/tools/bin/../lib/gcc/arm-none-eabi/13.3.1/thumb/v7-m/nofp/crtn.o
                0x0800a4b4                        . = ALIGN (0x4)
                0x0800a4b4                        _etext = .

.vfp11_veneer   0x0800a4b4        0x0
 .vfp11_veneer  0x0800a4b4        0x0 linker stubs

.v4_bx          0x0800a4b4        0x0
 .v4_bx         0x0800a4b4        0x0 linker stubs

.iplt           0x0800a4b4        0x0
 .iplt          0x0800a4b4        0x0 D:/STM32CubeIDE_1.19.0/STM32CubeIDE/plugins/com.st.stm32cube.ide.mcu.externaltools.gnu-tools-for-stm32.13.3.rel1.win32_1.0.0.202411081344/tools/bin/../lib/gcc/arm-none-eabi/13.3.1/thumb/v7-m/nofp/crtbegin.o

.rodata         0x0800a4b4       0xd0
                0x0800a4b4                        . = ALIGN (0x4)
 *(.rodata)
 .rodata        0x0800a4b4       0x1e ./Core/Src/main.o
 *fill*         0x0800a4d2        0x2 
 .rodata        0x0800a4d4        0x5 ./Middlewares/Third_Party/FreeRTOS/Source/tasks.o
 *fill*         0x0800a4d9        0x3 
 .rodata        0x0800a4dc        0xd ./Middlewares/Third_Party/FreeRTOS/Source/timers.o
 *(.rodata*)
 *fill*         0x0800a4e9        0x3 
 .rodata.IOTask_attributes
                0x0800a4ec       0x24 ./Core/Src/main.o
                0x0800a4ec                IOTask_attributes
 .rodata.UartTask_attributes
                0x0800a510       0x24 ./Core/Src/main.o
                0x0800a510                UartTask_attributes
 .rodata.MotorTask_attributes
                0x0800a534       0x24 ./Core/Src/main.o
                0x0800a534                MotorTask_attributes
 .rodata.AHBPrescTable
                0x0800a558       0x10 ./Core/Src/system_stm32f1xx.o
                0x0800a558                AHBPrescTable
 .rodata.APBPrescTable
                0x0800a568        0x8 ./Core/Src/system_stm32f1xx.o
                0x0800a568                APBPrescTable
 .rodata.aPLLMULFactorTable.1
                0x0800a570       0x10 ./Drivers/STM32F1xx_HAL_Driver/Src/stm32f1xx_hal_rcc.o
 .rodata.aPredivFactorTable.0
                0x0800a580        0x2 ./Drivers/STM32F1xx_HAL_Driver/Src/stm32f1xx_hal_rcc.o
                0x0800a584                        . = ALIGN (0x4)
 *fill*         0x0800a582        0x2 

.ARM.extab      0x0800a584        0x0
                0x0800a584                        . = ALIGN (0x4)
 *(.ARM.extab* .gnu.linkonce.armextab.*)
                0x0800a584                        . = ALIGN (0x4)

.ARM            0x0800a584        0x0
                0x0800a584                        . = ALIGN (0x4)
                0x0800a584                        __exidx_start = .
 *(.ARM.exidx*)
                0x0800a584                        __exidx_end = .
                0x0800a584                        . = ALIGN (0x4)

.preinit_array  0x0800a584        0x0
                0x0800a584                        . = ALIGN (0x4)
                0x0800a584                        PROVIDE (__preinit_array_start = .)
 *(.preinit_array*)
                0x0800a584                        PROVIDE (__preinit_array_end = .)
                0x0800a584                        . = ALIGN (0x4)

.init_array     0x0800a584        0x4
                0x0800a584                        . = ALIGN (0x4)
                0x0800a584                        PROVIDE (__init_array_start = .)
 *(SORT_BY_NAME(.init_array.*))
 *(.init_array*)
 .init_array    0x0800a584        0x4 D:/STM32CubeIDE_1.19.0/STM32CubeIDE/plugins/com.st.stm32cube.ide.mcu.externaltools.gnu-tools-for-stm32.13.3.rel1.win32_1.0.0.202411081344/tools/bin/../lib/gcc/arm-none-eabi/13.3.1/thumb/v7-m/nofp/crtbegin.o
                0x0800a588                        PROVIDE (__init_array_end = .)
                0x0800a588                        . = ALIGN (0x4)

.fini_array     0x0800a588        0x4
                0x0800a588                        . = ALIGN (0x4)
                [!provide]                        PROVIDE (__fini_array_start = .)
 *(SORT_BY_NAME(.fini_array.*))
 *(.fini_array*)
 .fini_array    0x0800a588        0x4 D:/STM32CubeIDE_1.19.0/STM32CubeIDE/plugins/com.st.stm32cube.ide.mcu.externaltools.gnu-tools-for-stm32.13.3.rel1.win32_1.0.0.202411081344/tools/bin/../lib/gcc/arm-none-eabi/13.3.1/thumb/v7-m/nofp/crtbegin.o
                [!provide]                        PROVIDE (__fini_array_end = .)
                0x0800a58c                        . = ALIGN (0x4)
                0x0800a58c                        _sidata = LOADADDR (.data)

.rel.dyn        0x0800a58c        0x0
 .rel.iplt      0x0800a58c        0x0 D:/STM32CubeIDE_1.19.0/STM32CubeIDE/plugins/com.st.stm32cube.ide.mcu.externaltools.gnu-tools-for-stm32.13.3.rel1.win32_1.0.0.202411081344/tools/bin/../lib/gcc/arm-none-eabi/13.3.1/thumb/v7-m/nofp/crtbegin.o

.data           0x20000000       0x14 load address 0x0800a58c
                0x20000000                        . = ALIGN (0x4)
                0x20000000                        _sdata = .
 *(.data)
 *(.data*)
 .data.current_baudrate
                0x20000000        0x1 ./Core/Src/main.o
                0x20000000                current_baudrate
 *fill*         0x20000001        0x3 
 .data.SystemCoreClock
                0x20000004        0x4 ./Core/Src/system_stm32f1xx.o
                0x20000004                SystemCoreClock
 .data.uwTickPrio
                0x20000008        0x4 ./Drivers/STM32F1xx_HAL_Driver/Src/stm32f1xx_hal.o
                0x20000008                uwTickPrio
 .data.uwTickFreq
                0x2000000c        0x1 ./Drivers/STM32F1xx_HAL_Driver/Src/stm32f1xx_hal.o
                0x2000000c                uwTickFreq
 *fill*         0x2000000d        0x3 
 .data.uxCriticalNesting
                0x20000010        0x4 ./Middlewares/Third_Party/FreeRTOS/Source/portable/GCC/ARM_CM3/port.o
 *(.RamFunc)
 *(.RamFunc*)
                0x20000014                        . = ALIGN (0x4)
                0x20000014                        _edata = .

.igot.plt       0x20000014        0x0 load address 0x0800a5a0
 .igot.plt      0x20000014        0x0 D:/STM32CubeIDE_1.19.0/STM32CubeIDE/plugins/com.st.stm32cube.ide.mcu.externaltools.gnu-tools-for-stm32.13.3.rel1.win32_1.0.0.202411081344/tools/bin/../lib/gcc/arm-none-eabi/13.3.1/thumb/v7-m/nofp/crtbegin.o
                0x20000014                        . = ALIGN (0x4)

.bss            0x20000014     0x1f00 load address 0x0800a5a0
                0x20000014                        _sbss = .
                0x20000014                        __bss_start__ = _sbss
 *(.bss)
 .bss           0x20000014       0x1c D:/STM32CubeIDE_1.19.0/STM32CubeIDE/plugins/com.st.stm32cube.ide.mcu.externaltools.gnu-tools-for-stm32.13.3.rel1.win32_1.0.0.202411081344/tools/bin/../lib/gcc/arm-none-eabi/13.3.1/thumb/v7-m/nofp/crtbegin.o
 *(.bss*)
 .bss.motor1    0x20000030        0xe ./Core/Src/StepControl.o
                0x20000030                motor1
 *fill*         0x2000003e        0x2 
 .bss.motor2    0x20000040        0xe ./Core/Src/StepControl.o
                0x20000040                motor2
 *fill*         0x2000004e        0x2 
 .bss.m1_motion_state
                0x20000050       0x1c ./Core/Src/StepControl.o
                0x20000050                m1_motion_state
 .bss.m2_motion_state
                0x2000006c       0x1c ./Core/Src/StepControl.o
                0x2000006c                m2_motion_state
 .bss.g_holdingRegisters
                0x20000088      0x258 ./Core/Src/UartModbus.o
                0x20000088                g_holdingRegisters
 .bss.g_inputRegisters
                0x200002e0        0xa ./Core/Src/UartModbus.o
                0x200002e0                g_inputRegisters
 *fill*         0x200002ea        0x2 
 .bss.g_coils   0x200002ec        0x8 ./Core/Src/UartModbus.o
                0x200002ec                g_coils
 .bss.g_discreteInputs
                0x200002f4        0x4 ./Core/Src/UartModbus.o
                0x200002f4                g_discreteInputs
 .bss.g_modbusCounter
                0x200002f8        0x4 ./Core/Src/UartModbus.o
                0x200002f8                g_modbusCounter
 .bss.rxBuffer  0x200002fc      0x100 ./Core/Src/UartModbus.o
                0x200002fc                rxBuffer
 .bss.rxIndex   0x200003fc        0x1 ./Core/Src/UartModbus.o
                0x200003fc                rxIndex
 .bss.frameReceived
                0x200003fd        0x1 ./Core/Src/UartModbus.o
                0x200003fd                frameReceived
 *fill*         0x200003fe        0x2 
 .bss.g_lastUARTActivity
                0x20000400        0x4 ./Core/Src/UartModbus.o
                0x20000400                g_lastUARTActivity
 .bss.g_totalReceived
                0x20000404        0x4 ./Core/Src/UartModbus.o
                0x20000404                g_totalReceived
 .bss.g_corruptionCount
                0x20000408        0x4 ./Core/Src/UartModbus.o
                0x20000408                g_corruptionCount
 .bss.g_receivedIndex
                0x2000040c        0x1 ./Core/Src/UartModbus.o
                0x2000040c                g_receivedIndex
 *fill*         0x2000040d        0x3 
 .bss.hadc1     0x20000410       0x30 ./Core/Src/main.o
                0x20000410                hadc1
 .bss.hi2c1     0x20000440       0x54 ./Core/Src/main.o
                0x20000440                hi2c1
 .bss.htim1     0x20000494       0x48 ./Core/Src/main.o
                0x20000494                htim1
 .bss.htim2     0x200004dc       0x48 ./Core/Src/main.o
                0x200004dc                htim2
 .bss.htim3     0x20000524       0x48 ./Core/Src/main.o
                0x20000524                htim3
 .bss.huart2    0x2000056c       0x48 ./Core/Src/main.o
                0x2000056c                huart2
 .bss.IOTaskHandle
                0x200005b4        0x4 ./Core/Src/main.o
                0x200005b4                IOTaskHandle
 .bss.UartTaskHandle
                0x200005b8        0x4 ./Core/Src/main.o
                0x200005b8                UartTaskHandle
 .bss.MotorTaskHandle
                0x200005bc        0x4 ./Core/Src/main.o
                0x200005bc                MotorTaskHandle
 .bss.uwTick    0x200005c0        0x4 ./Drivers/STM32F1xx_HAL_Driver/Src/stm32f1xx_hal.o
                0x200005c0                uwTick
 .bss.KernelState
                0x200005c4        0x4 ./Middlewares/Third_Party/FreeRTOS/Source/CMSIS_RTOS_V2/cmsis_os2.o
 .bss.Idle_TCB.3
                0x200005c8       0x5c ./Middlewares/Third_Party/FreeRTOS/Source/CMSIS_RTOS_V2/cmsis_os2.o
 .bss.Idle_Stack.2
                0x20000624      0x200 ./Middlewares/Third_Party/FreeRTOS/Source/CMSIS_RTOS_V2/cmsis_os2.o
 .bss.Timer_TCB.1
                0x20000824       0x5c ./Middlewares/Third_Party/FreeRTOS/Source/CMSIS_RTOS_V2/cmsis_os2.o
 .bss.Timer_Stack.0
                0x20000880      0x400 ./Middlewares/Third_Party/FreeRTOS/Source/CMSIS_RTOS_V2/cmsis_os2.o
 .bss.xQueueRegistry
                0x20000c80       0x40 ./Middlewares/Third_Party/FreeRTOS/Source/queue.o
                0x20000c80                xQueueRegistry
 .bss.pxCurrentTCB
                0x20000cc0        0x4 ./Middlewares/Third_Party/FreeRTOS/Source/tasks.o
                0x20000cc0                pxCurrentTCB
 .bss.pxReadyTasksLists
                0x20000cc4      0x460 ./Middlewares/Third_Party/FreeRTOS/Source/tasks.o
 .bss.xDelayedTaskList1
                0x20001124       0x14 ./Middlewares/Third_Party/FreeRTOS/Source/tasks.o
 .bss.xDelayedTaskList2
                0x20001138       0x14 ./Middlewares/Third_Party/FreeRTOS/Source/tasks.o
 .bss.pxDelayedTaskList
                0x2000114c        0x4 ./Middlewares/Third_Party/FreeRTOS/Source/tasks.o
 .bss.pxOverflowDelayedTaskList
                0x20001150        0x4 ./Middlewares/Third_Party/FreeRTOS/Source/tasks.o
 .bss.xPendingReadyList
                0x20001154       0x14 ./Middlewares/Third_Party/FreeRTOS/Source/tasks.o
 .bss.xTasksWaitingTermination
                0x20001168       0x14 ./Middlewares/Third_Party/FreeRTOS/Source/tasks.o
 .bss.uxDeletedTasksWaitingCleanUp
                0x2000117c        0x4 ./Middlewares/Third_Party/FreeRTOS/Source/tasks.o
 .bss.xSuspendedTaskList
                0x20001180       0x14 ./Middlewares/Third_Party/FreeRTOS/Source/tasks.o
 .bss.uxCurrentNumberOfTasks
                0x20001194        0x4 ./Middlewares/Third_Party/FreeRTOS/Source/tasks.o
 .bss.xTickCount
                0x20001198        0x4 ./Middlewares/Third_Party/FreeRTOS/Source/tasks.o
 .bss.uxTopReadyPriority
                0x2000119c        0x4 ./Middlewares/Third_Party/FreeRTOS/Source/tasks.o
 .bss.xSchedulerRunning
                0x200011a0        0x4 ./Middlewares/Third_Party/FreeRTOS/Source/tasks.o
 .bss.xPendedTicks
                0x200011a4        0x4 ./Middlewares/Third_Party/FreeRTOS/Source/tasks.o
 .bss.xYieldPending
                0x200011a8        0x4 ./Middlewares/Third_Party/FreeRTOS/Source/tasks.o
 .bss.xNumOfOverflows
                0x200011ac        0x4 ./Middlewares/Third_Party/FreeRTOS/Source/tasks.o
 .bss.uxTaskNumber
                0x200011b0        0x4 ./Middlewares/Third_Party/FreeRTOS/Source/tasks.o
 .bss.xNextTaskUnblockTime
                0x200011b4        0x4 ./Middlewares/Third_Party/FreeRTOS/Source/tasks.o
 .bss.xIdleTaskHandle
                0x200011b8        0x4 ./Middlewares/Third_Party/FreeRTOS/Source/tasks.o
 .bss.uxSchedulerSuspended
                0x200011bc        0x4 ./Middlewares/Third_Party/FreeRTOS/Source/tasks.o
 .bss.xActiveTimerList1
                0x200011c0       0x14 ./Middlewares/Third_Party/FreeRTOS/Source/timers.o
 .bss.xActiveTimerList2
                0x200011d4       0x14 ./Middlewares/Third_Party/FreeRTOS/Source/timers.o
 .bss.pxCurrentTimerList
                0x200011e8        0x4 ./Middlewares/Third_Party/FreeRTOS/Source/timers.o
 .bss.pxOverflowTimerList
                0x200011ec        0x4 ./Middlewares/Third_Party/FreeRTOS/Source/timers.o
 .bss.xTimerQueue
                0x200011f0        0x4 ./Middlewares/Third_Party/FreeRTOS/Source/timers.o
 .bss.xTimerTaskHandle
                0x200011f4        0x4 ./Middlewares/Third_Party/FreeRTOS/Source/timers.o
 .bss.xLastTime.2
                0x200011f8        0x4 ./Middlewares/Third_Party/FreeRTOS/Source/timers.o
 .bss.ucStaticTimerQueueStorage.1
                0x200011fc       0xa0 ./Middlewares/Third_Party/FreeRTOS/Source/timers.o
 .bss.xStaticTimerQueue.0
                0x2000129c       0x50 ./Middlewares/Third_Party/FreeRTOS/Source/timers.o
 .bss.ucMaxSysCallPriority
                0x200012ec        0x1 ./Middlewares/Third_Party/FreeRTOS/Source/portable/GCC/ARM_CM3/port.o
 *fill*         0x200012ed        0x3 
 .bss.ulMaxPRIGROUPValue
                0x200012f0        0x4 ./Middlewares/Third_Party/FreeRTOS/Source/portable/GCC/ARM_CM3/port.o
 .bss.ucHeap    0x200012f4      0xc00 ./Middlewares/Third_Party/FreeRTOS/Source/portable/MemMang/heap_4.o
 .bss.xStart    0x20001ef4        0x8 ./Middlewares/Third_Party/FreeRTOS/Source/portable/MemMang/heap_4.o
 .bss.pxEnd     0x20001efc        0x4 ./Middlewares/Third_Party/FreeRTOS/Source/portable/MemMang/heap_4.o
 .bss.xFreeBytesRemaining
                0x20001f00        0x4 ./Middlewares/Third_Party/FreeRTOS/Source/portable/MemMang/heap_4.o
 .bss.xMinimumEverFreeBytesRemaining
                0x20001f04        0x4 ./Middlewares/Third_Party/FreeRTOS/Source/portable/MemMang/heap_4.o
 .bss.xNumberOfSuccessfulAllocations
                0x20001f08        0x4 ./Middlewares/Third_Party/FreeRTOS/Source/portable/MemMang/heap_4.o
 .bss.xNumberOfSuccessfulFrees
                0x20001f0c        0x4 ./Middlewares/Third_Party/FreeRTOS/Source/portable/MemMang/heap_4.o
 .bss.xBlockAllocatedBit
                0x20001f10        0x4 ./Middlewares/Third_Party/FreeRTOS/Source/portable/MemMang/heap_4.o
 *(COMMON)
                0x20001f14                        . = ALIGN (0x4)
                0x20001f14                        _ebss = .
                0x20001f14                        __bss_end__ = _ebss

._user_heap_stack
                0x20001f14      0x604 load address 0x0800a5a0
                0x20001f18                        . = ALIGN (0x8)
 *fill*         0x20001f14        0x4 
                [!provide]                        PROVIDE (end = .)
                0x20001f18                        PROVIDE (_end = .)
                0x20002118                        . = (. + _Min_Heap_Size)
 *fill*         0x20001f18      0x200 
                0x20002518                        . = (. + _Min_Stack_Size)
 *fill*         0x20002118      0x400 
                0x20002518                        . = ALIGN (0x8)

/DISCARD/
 libc.a(*)
 libm.a(*)
 libgcc.a(*)

.ARM.attributes
                0x00000000       0x29
 *(.ARM.attributes)
 .ARM.attributes
                0x00000000       0x1d D:/STM32CubeIDE_1.19.0/STM32CubeIDE/plugins/com.st.stm32cube.ide.mcu.externaltools.gnu-tools-for-stm32.13.3.rel1.win32_1.0.0.202411081344/tools/bin/../lib/gcc/arm-none-eabi/13.3.1/thumb/v7-m/nofp/crti.o
 .ARM.attributes
                0x0000001d       0x2d D:/STM32CubeIDE_1.19.0/STM32CubeIDE/plugins/com.st.stm32cube.ide.mcu.externaltools.gnu-tools-for-stm32.13.3.rel1.win32_1.0.0.202411081344/tools/bin/../lib/gcc/arm-none-eabi/13.3.1/thumb/v7-m/nofp/crtbegin.o
 .ARM.attributes
                0x0000004a       0x2d ./Core/Src/StepControl.o
 .ARM.attributes
                0x00000077       0x2d ./Core/Src/UartModbus.o
 .ARM.attributes
                0x000000a4       0x2d ./Core/Src/main.o
 .ARM.attributes
                0x000000d1       0x2d ./Core/Src/stm32f1xx_hal_msp.o
 .ARM.attributes
                0x000000fe       0x2d ./Core/Src/stm32f1xx_it.o
 .ARM.attributes
                0x0000012b       0x2d ./Core/Src/system_stm32f1xx.o
 .ARM.attributes
                0x00000158       0x21 ./Core/Startup/startup_stm32f103c8tx.o
 .ARM.attributes
                0x00000179       0x2d ./Drivers/STM32F1xx_HAL_Driver/Src/stm32f1xx_hal.o
 .ARM.attributes
                0x000001a6       0x2d ./Drivers/STM32F1xx_HAL_Driver/Src/stm32f1xx_hal_adc.o
 .ARM.attributes
                0x000001d3       0x2d ./Drivers/STM32F1xx_HAL_Driver/Src/stm32f1xx_hal_cortex.o
 .ARM.attributes
                0x00000200       0x2d ./Drivers/STM32F1xx_HAL_Driver/Src/stm32f1xx_hal_dma.o
 .ARM.attributes
                0x0000022d       0x2d ./Drivers/STM32F1xx_HAL_Driver/Src/stm32f1xx_hal_gpio.o
 .ARM.attributes
                0x0000025a       0x2d ./Drivers/STM32F1xx_HAL_Driver/Src/stm32f1xx_hal_i2c.o
 .ARM.attributes
                0x00000287       0x2d ./Drivers/STM32F1xx_HAL_Driver/Src/stm32f1xx_hal_rcc.o
 .ARM.attributes
                0x000002b4       0x2d ./Drivers/STM32F1xx_HAL_Driver/Src/stm32f1xx_hal_rcc_ex.o
 .ARM.attributes
                0x000002e1       0x2d ./Drivers/STM32F1xx_HAL_Driver/Src/stm32f1xx_hal_tim.o
 .ARM.attributes
                0x0000030e       0x2d ./Drivers/STM32F1xx_HAL_Driver/Src/stm32f1xx_hal_tim_ex.o
 .ARM.attributes
                0x0000033b       0x2d ./Drivers/STM32F1xx_HAL_Driver/Src/stm32f1xx_hal_uart.o
 .ARM.attributes
                0x00000368       0x2d ./Middlewares/Third_Party/FreeRTOS/Source/CMSIS_RTOS_V2/cmsis_os2.o
 .ARM.attributes
                0x00000395       0x2d ./Middlewares/Third_Party/FreeRTOS/Source/list.o
 .ARM.attributes
                0x000003c2       0x2d ./Middlewares/Third_Party/FreeRTOS/Source/queue.o
 .ARM.attributes
                0x000003ef       0x2d ./Middlewares/Third_Party/FreeRTOS/Source/tasks.o
 .ARM.attributes
                0x0000041c       0x2d ./Middlewares/Third_Party/FreeRTOS/Source/timers.o
 .ARM.attributes
                0x00000449       0x2d ./Middlewares/Third_Party/FreeRTOS/Source/portable/GCC/ARM_CM3/port.o
 .ARM.attributes
                0x00000476       0x2d ./Middlewares/Third_Party/FreeRTOS/Source/portable/MemMang/heap_4.o
 .ARM.attributes
                0x000004a3       0x2d D:/STM32CubeIDE_1.19.0/STM32CubeIDE/plugins/com.st.stm32cube.ide.mcu.externaltools.gnu-tools-for-stm32.13.3.rel1.win32_1.0.0.202411081344/tools/bin/../lib/gcc/arm-none-eabi/13.3.1/../../../../arm-none-eabi/lib/thumb/v7-m/nofp\libc_nano.a(libc_a-memset.o)
 .ARM.attributes
                0x000004d0       0x2d D:/STM32CubeIDE_1.19.0/STM32CubeIDE/plugins/com.st.stm32cube.ide.mcu.externaltools.gnu-tools-for-stm32.13.3.rel1.win32_1.0.0.202411081344/tools/bin/../lib/gcc/arm-none-eabi/13.3.1/../../../../arm-none-eabi/lib/thumb/v7-m/nofp\libc_nano.a(libc_a-init.o)
 .ARM.attributes
                0x000004fd       0x2d D:/STM32CubeIDE_1.19.0/STM32CubeIDE/plugins/com.st.stm32cube.ide.mcu.externaltools.gnu-tools-for-stm32.13.3.rel1.win32_1.0.0.202411081344/tools/bin/../lib/gcc/arm-none-eabi/13.3.1/../../../../arm-none-eabi/lib/thumb/v7-m/nofp\libc_nano.a(libc_a-memcpy-stub.o)
 .ARM.attributes
                0x0000052a       0x1d D:/STM32CubeIDE_1.19.0/STM32CubeIDE/plugins/com.st.stm32cube.ide.mcu.externaltools.gnu-tools-for-stm32.13.3.rel1.win32_1.0.0.202411081344/tools/bin/../lib/gcc/arm-none-eabi/13.3.1/thumb/v7-m/nofp\libgcc.a(_arm_addsubsf3.o)
 .ARM.attributes
                0x00000547       0x1d D:/STM32CubeIDE_1.19.0/STM32CubeIDE/plugins/com.st.stm32cube.ide.mcu.externaltools.gnu-tools-for-stm32.13.3.rel1.win32_1.0.0.202411081344/tools/bin/../lib/gcc/arm-none-eabi/13.3.1/thumb/v7-m/nofp\libgcc.a(_arm_muldivsf3.o)
 .ARM.attributes
                0x00000564       0x1d D:/STM32CubeIDE_1.19.0/STM32CubeIDE/plugins/com.st.stm32cube.ide.mcu.externaltools.gnu-tools-for-stm32.13.3.rel1.win32_1.0.0.202411081344/tools/bin/../lib/gcc/arm-none-eabi/13.3.1/thumb/v7-m/nofp\libgcc.a(_arm_cmpsf2.o)
 .ARM.attributes
                0x00000581       0x1d D:/STM32CubeIDE_1.19.0/STM32CubeIDE/plugins/com.st.stm32cube.ide.mcu.externaltools.gnu-tools-for-stm32.13.3.rel1.win32_1.0.0.202411081344/tools/bin/../lib/gcc/arm-none-eabi/13.3.1/thumb/v7-m/nofp\libgcc.a(_arm_fixunssfsi.o)
 .ARM.attributes
                0x0000059e       0x1d D:/STM32CubeIDE_1.19.0/STM32CubeIDE/plugins/com.st.stm32cube.ide.mcu.externaltools.gnu-tools-for-stm32.13.3.rel1.win32_1.0.0.202411081344/tools/bin/../lib/gcc/arm-none-eabi/13.3.1/thumb/v7-m/nofp/crtn.o
OUTPUT(Stepper_Module.elf elf32-littlearm)
LOAD linker stubs
LOAD D:/STM32CubeIDE_1.19.0/STM32CubeIDE/plugins/com.st.stm32cube.ide.mcu.externaltools.gnu-tools-for-stm32.13.3.rel1.win32_1.0.0.202411081344/tools/bin/../lib/gcc/arm-none-eabi/13.3.1/../../../../arm-none-eabi/lib/thumb/v7-m/nofp\libc.a
LOAD D:/STM32CubeIDE_1.19.0/STM32CubeIDE/plugins/com.st.stm32cube.ide.mcu.externaltools.gnu-tools-for-stm32.13.3.rel1.win32_1.0.0.202411081344/tools/bin/../lib/gcc/arm-none-eabi/13.3.1/../../../../arm-none-eabi/lib/thumb/v7-m/nofp\libm.a
LOAD D:/STM32CubeIDE_1.19.0/STM32CubeIDE/plugins/com.st.stm32cube.ide.mcu.externaltools.gnu-tools-for-stm32.13.3.rel1.win32_1.0.0.202411081344/tools/bin/../lib/gcc/arm-none-eabi/13.3.1/thumb/v7-m/nofp\libgcc.a

.debug_info     0x00000000    0x1b9ed
 .debug_info    0x00000000      0xf58 ./Core/Src/StepControl.o
 .debug_info    0x00000f58      0xbb2 ./Core/Src/UartModbus.o
 .debug_info    0x00001b0a     0x1ce5 ./Core/Src/main.o
 .debug_info    0x000037ef     0x139e ./Core/Src/stm32f1xx_hal_msp.o
 .debug_info    0x00004b8d      0xca2 ./Core/Src/stm32f1xx_it.o
 .debug_info    0x0000582f      0x222 ./Core/Src/system_stm32f1xx.o
 .debug_info    0x00005a51       0x30 ./Core/Startup/startup_stm32f103c8tx.o
 .debug_info    0x00005a81      0x704 ./Drivers/STM32F1xx_HAL_Driver/Src/stm32f1xx_hal.o
 .debug_info    0x00006185      0xc50 ./Drivers/STM32F1xx_HAL_Driver/Src/stm32f1xx_hal_adc.o
 .debug_info    0x00006dd5      0xa87 ./Drivers/STM32F1xx_HAL_Driver/Src/stm32f1xx_hal_cortex.o
 .debug_info    0x0000785c      0x6d2 ./Drivers/STM32F1xx_HAL_Driver/Src/stm32f1xx_hal_dma.o
 .debug_info    0x00007f2e      0x5ab ./Drivers/STM32F1xx_HAL_Driver/Src/stm32f1xx_hal_gpio.o
 .debug_info    0x000084d9     0x2524 ./Drivers/STM32F1xx_HAL_Driver/Src/stm32f1xx_hal_i2c.o
 .debug_info    0x0000a9fd      0x7d5 ./Drivers/STM32F1xx_HAL_Driver/Src/stm32f1xx_hal_rcc.o
 .debug_info    0x0000b1d2      0x3c0 ./Drivers/STM32F1xx_HAL_Driver/Src/stm32f1xx_hal_rcc_ex.o
 .debug_info    0x0000b592     0x2959 ./Drivers/STM32F1xx_HAL_Driver/Src/stm32f1xx_hal_tim.o
 .debug_info    0x0000deeb     0x149b ./Drivers/STM32F1xx_HAL_Driver/Src/stm32f1xx_hal_tim_ex.o
 .debug_info    0x0000f386     0x2eed ./Drivers/STM32F1xx_HAL_Driver/Src/stm32f1xx_hal_uart.o
 .debug_info    0x00012273     0x3975 ./Middlewares/Third_Party/FreeRTOS/Source/CMSIS_RTOS_V2/cmsis_os2.o
 .debug_info    0x00015be8      0x2af ./Middlewares/Third_Party/FreeRTOS/Source/list.o
 .debug_info    0x00015e97     0x1b79 ./Middlewares/Third_Party/FreeRTOS/Source/queue.o
 .debug_info    0x00017a10     0x21ec ./Middlewares/Third_Party/FreeRTOS/Source/tasks.o
 .debug_info    0x00019bfc     0x1488 ./Middlewares/Third_Party/FreeRTOS/Source/timers.o
 .debug_info    0x0001b084      0x494 ./Middlewares/Third_Party/FreeRTOS/Source/portable/GCC/ARM_CM3/port.o
 .debug_info    0x0001b518      0x4d5 ./Middlewares/Third_Party/FreeRTOS/Source/portable/MemMang/heap_4.o

.debug_abbrev   0x00000000     0x3d2e
 .debug_abbrev  0x00000000      0x306 ./Core/Src/StepControl.o
 .debug_abbrev  0x00000306      0x2ed ./Core/Src/UartModbus.o
 .debug_abbrev  0x000005f3      0x31a ./Core/Src/main.o
 .debug_abbrev  0x0000090d      0x21e ./Core/Src/stm32f1xx_hal_msp.o
 .debug_abbrev  0x00000b2b      0x1de ./Core/Src/stm32f1xx_it.o
 .debug_abbrev  0x00000d09      0x13f ./Core/Src/system_stm32f1xx.o
 .debug_abbrev  0x00000e48       0x24 ./Core/Startup/startup_stm32f103c8tx.o
 .debug_abbrev  0x00000e6c      0x201 ./Drivers/STM32F1xx_HAL_Driver/Src/stm32f1xx_hal.o
 .debug_abbrev  0x0000106d      0x225 ./Drivers/STM32F1xx_HAL_Driver/Src/stm32f1xx_hal_adc.o
 .debug_abbrev  0x00001292      0x2f8 ./Drivers/STM32F1xx_HAL_Driver/Src/stm32f1xx_hal_cortex.o
 .debug_abbrev  0x0000158a      0x20b ./Drivers/STM32F1xx_HAL_Driver/Src/stm32f1xx_hal_dma.o
 .debug_abbrev  0x00001795      0x1ca ./Drivers/STM32F1xx_HAL_Driver/Src/stm32f1xx_hal_gpio.o
 .debug_abbrev  0x0000195f      0x2a3 ./Drivers/STM32F1xx_HAL_Driver/Src/stm32f1xx_hal_i2c.o
 .debug_abbrev  0x00001c02      0x2b3 ./Drivers/STM32F1xx_HAL_Driver/Src/stm32f1xx_hal_rcc.o
 .debug_abbrev  0x00001eb5      0x188 ./Drivers/STM32F1xx_HAL_Driver/Src/stm32f1xx_hal_rcc_ex.o
 .debug_abbrev  0x0000203d      0x277 ./Drivers/STM32F1xx_HAL_Driver/Src/stm32f1xx_hal_tim.o
 .debug_abbrev  0x000022b4      0x282 ./Drivers/STM32F1xx_HAL_Driver/Src/stm32f1xx_hal_tim_ex.o
 .debug_abbrev  0x00002536      0x2f8 ./Drivers/STM32F1xx_HAL_Driver/Src/stm32f1xx_hal_uart.o
 .debug_abbrev  0x0000282e      0x508 ./Middlewares/Third_Party/FreeRTOS/Source/CMSIS_RTOS_V2/cmsis_os2.o
 .debug_abbrev  0x00002d36       0xf5 ./Middlewares/Third_Party/FreeRTOS/Source/list.o
 .debug_abbrev  0x00002e2b      0x3b6 ./Middlewares/Third_Party/FreeRTOS/Source/queue.o
 .debug_abbrev  0x000031e1      0x386 ./Middlewares/Third_Party/FreeRTOS/Source/tasks.o
 .debug_abbrev  0x00003567      0x352 ./Middlewares/Third_Party/FreeRTOS/Source/timers.o
 .debug_abbrev  0x000038b9      0x258 ./Middlewares/Third_Party/FreeRTOS/Source/portable/GCC/ARM_CM3/port.o
 .debug_abbrev  0x00003b11      0x21d ./Middlewares/Third_Party/FreeRTOS/Source/portable/MemMang/heap_4.o

.debug_aranges  0x00000000     0x1978
 .debug_aranges
                0x00000000       0xe0 ./Core/Src/StepControl.o
 .debug_aranges
                0x000000e0       0x70 ./Core/Src/UartModbus.o
 .debug_aranges
                0x00000150       0x80 ./Core/Src/main.o
 .debug_aranges
                0x000001d0       0x68 ./Core/Src/stm32f1xx_hal_msp.o
 .debug_aranges
                0x00000238       0x98 ./Core/Src/stm32f1xx_it.o
 .debug_aranges
                0x000002d0       0x28 ./Core/Src/system_stm32f1xx.o
 .debug_aranges
                0x000002f8       0x28 ./Core/Startup/startup_stm32f103c8tx.o
 .debug_aranges
                0x00000320       0xe0 ./Drivers/STM32F1xx_HAL_Driver/Src/stm32f1xx_hal.o
 .debug_aranges
                0x00000400       0xf0 ./Drivers/STM32F1xx_HAL_Driver/Src/stm32f1xx_hal_adc.o
 .debug_aranges
                0x000004f0      0x100 ./Drivers/STM32F1xx_HAL_Driver/Src/stm32f1xx_hal_cortex.o
 .debug_aranges
                0x000005f0       0x80 ./Drivers/STM32F1xx_HAL_Driver/Src/stm32f1xx_hal_dma.o
 .debug_aranges
                0x00000670       0x58 ./Drivers/STM32F1xx_HAL_Driver/Src/stm32f1xx_hal_gpio.o
 .debug_aranges
                0x000006c8      0x2a8 ./Drivers/STM32F1xx_HAL_Driver/Src/stm32f1xx_hal_i2c.o
 .debug_aranges
                0x00000970       0x90 ./Drivers/STM32F1xx_HAL_Driver/Src/stm32f1xx_hal_rcc.o
 .debug_aranges
                0x00000a00       0x30 ./Drivers/STM32F1xx_HAL_Driver/Src/stm32f1xx_hal_rcc_ex.o
 .debug_aranges
                0x00000a30      0x3d0 ./Drivers/STM32F1xx_HAL_Driver/Src/stm32f1xx_hal_tim.o
 .debug_aranges
                0x00000e00      0x168 ./Drivers/STM32F1xx_HAL_Driver/Src/stm32f1xx_hal_tim_ex.o
 .debug_aranges
                0x00000f68      0x208 ./Drivers/STM32F1xx_HAL_Driver/Src/stm32f1xx_hal_uart.o
 .debug_aranges
                0x00001170      0x2a8 ./Middlewares/Third_Party/FreeRTOS/Source/CMSIS_RTOS_V2/cmsis_os2.o
 .debug_aranges
                0x00001418       0x40 ./Middlewares/Third_Party/FreeRTOS/Source/list.o
 .debug_aranges
                0x00001458      0x158 ./Middlewares/Third_Party/FreeRTOS/Source/queue.o
 .debug_aranges
                0x000015b0      0x208 ./Middlewares/Third_Party/FreeRTOS/Source/tasks.o
 .debug_aranges
                0x000017b8       0xf0 ./Middlewares/Third_Party/FreeRTOS/Source/timers.o
 .debug_aranges
                0x000018a8       0x78 ./Middlewares/Third_Party/FreeRTOS/Source/portable/GCC/ARM_CM3/port.o
 .debug_aranges
                0x00001920       0x58 ./Middlewares/Third_Party/FreeRTOS/Source/portable/MemMang/heap_4.o

.debug_rnglists
                0x00000000     0x1401
 .debug_rnglists
                0x00000000       0xa9 ./Core/Src/StepControl.o
 .debug_rnglists
                0x000000a9       0x56 ./Core/Src/UartModbus.o
 .debug_rnglists
                0x000000ff       0x61 ./Core/Src/main.o
 .debug_rnglists
                0x00000160       0x4f ./Core/Src/stm32f1xx_hal_msp.o
 .debug_rnglists
                0x000001af       0x6d ./Core/Src/stm32f1xx_it.o
 .debug_rnglists
                0x0000021c       0x1a ./Core/Src/system_stm32f1xx.o
 .debug_rnglists
                0x00000236       0x19 ./Core/Startup/startup_stm32f103c8tx.o
 .debug_rnglists
                0x0000024f       0xa3 ./Drivers/STM32F1xx_HAL_Driver/Src/stm32f1xx_hal.o
 .debug_rnglists
                0x000002f2       0xbc ./Drivers/STM32F1xx_HAL_Driver/Src/stm32f1xx_hal_adc.o
 .debug_rnglists
                0x000003ae       0xbb ./Drivers/STM32F1xx_HAL_Driver/Src/stm32f1xx_hal_cortex.o
 .debug_rnglists
                0x00000469       0x64 ./Drivers/STM32F1xx_HAL_Driver/Src/stm32f1xx_hal_dma.o
 .debug_rnglists
                0x000004cd       0x3f ./Drivers/STM32F1xx_HAL_Driver/Src/stm32f1xx_hal_gpio.o
 .debug_rnglists
                0x0000050c      0x23c ./Drivers/STM32F1xx_HAL_Driver/Src/stm32f1xx_hal_i2c.o
 .debug_rnglists
                0x00000748       0x6c ./Drivers/STM32F1xx_HAL_Driver/Src/stm32f1xx_hal_rcc.o
 .debug_rnglists
                0x000007b4       0x21 ./Drivers/STM32F1xx_HAL_Driver/Src/stm32f1xx_hal_rcc_ex.o
 .debug_rnglists
                0x000007d5      0x31a ./Drivers/STM32F1xx_HAL_Driver/Src/stm32f1xx_hal_tim.o
 .debug_rnglists
                0x00000aef      0x125 ./Drivers/STM32F1xx_HAL_Driver/Src/stm32f1xx_hal_tim_ex.o
 .debug_rnglists
                0x00000c14      0x1bc ./Drivers/STM32F1xx_HAL_Driver/Src/stm32f1xx_hal_uart.o
 .debug_rnglists
                0x00000dd0      0x20c ./Middlewares/Third_Party/FreeRTOS/Source/CMSIS_RTOS_V2/cmsis_os2.o
 .debug_rnglists
                0x00000fdc       0x2b ./Middlewares/Third_Party/FreeRTOS/Source/list.o
 .debug_rnglists
                0x00001007      0x109 ./Middlewares/Third_Party/FreeRTOS/Source/queue.o
 .debug_rnglists
                0x00001110      0x1a0 ./Middlewares/Third_Party/FreeRTOS/Source/tasks.o
 .debug_rnglists
                0x000012b0       0xb8 ./Middlewares/Third_Party/FreeRTOS/Source/timers.o
 .debug_rnglists
                0x00001368       0x57 ./Middlewares/Third_Party/FreeRTOS/Source/portable/GCC/ARM_CM3/port.o
 .debug_rnglists
                0x000013bf       0x42 ./Middlewares/Third_Party/FreeRTOS/Source/portable/MemMang/heap_4.o

.debug_macro    0x00000000    0x1a3ba
 .debug_macro   0x00000000      0x1f5 ./Core/Src/StepControl.o
 .debug_macro   0x000001f5      0xacc ./Core/Src/StepControl.o
 .debug_macro   0x00000cc1       0x22 ./Core/Src/StepControl.o
 .debug_macro   0x00000ce3       0x8e ./Core/Src/StepControl.o
 .debug_macro   0x00000d71       0x51 ./Core/Src/StepControl.o
 .debug_macro   0x00000dc2      0x103 ./Core/Src/StepControl.o
 .debug_macro   0x00000ec5       0x6a ./Core/Src/StepControl.o
 .debug_macro   0x00000f2f      0x1df ./Core/Src/StepControl.o
 .debug_macro   0x0000110e      0x227 ./Core/Src/StepControl.o
 .debug_macro   0x00001335       0x2e ./Core/Src/StepControl.o
 .debug_macro   0x00001363       0x22 ./Core/Src/StepControl.o
 .debug_macro   0x00001385       0x1c ./Core/Src/StepControl.o
 .debug_macro   0x000013a1       0x22 ./Core/Src/StepControl.o
 .debug_macro   0x000013c3       0xbd ./Core/Src/StepControl.o
 .debug_macro   0x00001480      0xd23 ./Core/Src/StepControl.o
 .debug_macro   0x000021a3     0xe09e ./Core/Src/StepControl.o
 .debug_macro   0x00010241       0x6d ./Core/Src/StepControl.o
 .debug_macro   0x000102ae     0x34a2 ./Core/Src/StepControl.o
 .debug_macro   0x00013750      0x190 ./Core/Src/StepControl.o
 .debug_macro   0x000138e0       0x5c ./Core/Src/StepControl.o
 .debug_macro   0x0001393c      0x5bc ./Core/Src/StepControl.o
 .debug_macro   0x00013ef8      0x289 ./Core/Src/StepControl.o
 .debug_macro   0x00014181      0x1cb ./Core/Src/StepControl.o
 .debug_macro   0x0001434c      0x114 ./Core/Src/StepControl.o
 .debug_macro   0x00014460      0x1b2 ./Core/Src/StepControl.o
 .debug_macro   0x00014612       0x27 ./Core/Src/StepControl.o
 .debug_macro   0x00014639      0x136 ./Core/Src/StepControl.o
 .debug_macro   0x0001476f      0x1bc ./Core/Src/StepControl.o
 .debug_macro   0x0001492b       0x34 ./Core/Src/StepControl.o
 .debug_macro   0x0001495f       0x3c ./Core/Src/StepControl.o
 .debug_macro   0x0001499b       0x57 ./Core/Src/StepControl.o
 .debug_macro   0x000149f2      0x46a ./Core/Src/StepControl.o
 .debug_macro   0x00014e5c      0x1b5 ./Core/Src/StepControl.o
 .debug_macro   0x00015011       0x87 ./Core/Src/StepControl.o
 .debug_macro   0x00015098      0x240 ./Core/Src/StepControl.o
 .debug_macro   0x000152d8      0x287 ./Core/Src/StepControl.o
 .debug_macro   0x0001555f      0x140 ./Core/Src/StepControl.o
 .debug_macro   0x0001569f      0x8ed ./Core/Src/StepControl.o
 .debug_macro   0x00015f8c      0x28e ./Core/Src/StepControl.o
 .debug_macro   0x0001621a       0x83 ./Core/Src/StepControl.o
 .debug_macro   0x0001629d       0xac ./Core/Src/StepControl.o
 .debug_macro   0x00016349       0x16 ./Core/Src/StepControl.o
 .debug_macro   0x0001635f      0x232 ./Core/Src/StepControl.o
 .debug_macro   0x00016591       0x4c ./Core/Src/StepControl.o
 .debug_macro   0x000165dd      0x1f6 ./Core/Src/UartModbus.o
 .debug_macro   0x000167d3       0x46 ./Core/Src/UartModbus.o
 .debug_macro   0x00016819      0x353 ./Core/Src/main.o
 .debug_macro   0x00016b6c      0x130 ./Core/Src/main.o
 .debug_macro   0x00016c9c       0x66 ./Core/Src/main.o
 .debug_macro   0x00016d02       0x74 ./Core/Src/main.o
 .debug_macro   0x00016d76       0xdd ./Core/Src/main.o
 .debug_macro   0x00016e53       0x61 ./Core/Src/main.o
 .debug_macro   0x00016eb4       0x24 ./Core/Src/main.o
 .debug_macro   0x00016ed8       0x43 ./Core/Src/main.o
 .debug_macro   0x00016f1b       0x34 ./Core/Src/main.o
 .debug_macro   0x00016f4f      0x370 ./Core/Src/main.o
 .debug_macro   0x000172bf       0x16 ./Core/Src/main.o
 .debug_macro   0x000172d5       0x4a ./Core/Src/main.o
 .debug_macro   0x0001731f       0x34 ./Core/Src/main.o
 .debug_macro   0x00017353       0x10 ./Core/Src/main.o
 .debug_macro   0x00017363       0x58 ./Core/Src/main.o
 .debug_macro   0x000173bb       0x8e ./Core/Src/main.o
 .debug_macro   0x00017449       0x1c ./Core/Src/main.o
 .debug_macro   0x00017465      0x185 ./Core/Src/main.o
 .debug_macro   0x000175ea       0x10 ./Core/Src/main.o
 .debug_macro   0x000175fa       0x3c ./Core/Src/main.o
 .debug_macro   0x00017636       0x20 ./Core/Src/main.o
 .debug_macro   0x00017656      0x1d0 ./Core/Src/stm32f1xx_hal_msp.o
 .debug_macro   0x00017826      0x242 ./Core/Src/stm32f1xx_it.o
 .debug_macro   0x00017a68      0x1c1 ./Core/Src/system_stm32f1xx.o
 .debug_macro   0x00017c29      0x1e5 ./Drivers/STM32F1xx_HAL_Driver/Src/stm32f1xx_hal.o
 .debug_macro   0x00017e0e      0x1de ./Drivers/STM32F1xx_HAL_Driver/Src/stm32f1xx_hal_adc.o
 .debug_macro   0x00017fec      0x1c1 ./Drivers/STM32F1xx_HAL_Driver/Src/stm32f1xx_hal_cortex.o
 .debug_macro   0x000181ad      0x1c1 ./Drivers/STM32F1xx_HAL_Driver/Src/stm32f1xx_hal_dma.o
 .debug_macro   0x0001836e      0x22c ./Drivers/STM32F1xx_HAL_Driver/Src/stm32f1xx_hal_gpio.o
 .debug_macro   0x0001859a      0x20f ./Drivers/STM32F1xx_HAL_Driver/Src/stm32f1xx_hal_i2c.o
 .debug_macro   0x000187a9      0x1d3 ./Drivers/STM32F1xx_HAL_Driver/Src/stm32f1xx_hal_rcc.o
 .debug_macro   0x0001897c      0x1c1 ./Drivers/STM32F1xx_HAL_Driver/Src/stm32f1xx_hal_rcc_ex.o
 .debug_macro   0x00018b3d      0x1c2 ./Drivers/STM32F1xx_HAL_Driver/Src/stm32f1xx_hal_tim.o
 .debug_macro   0x00018cff      0x1c1 ./Drivers/STM32F1xx_HAL_Driver/Src/stm32f1xx_hal_tim_ex.o
 .debug_macro   0x00018ec0      0x1c2 ./Drivers/STM32F1xx_HAL_Driver/Src/stm32f1xx_hal_uart.o
 .debug_macro   0x00019082      0x3bd ./Middlewares/Third_Party/FreeRTOS/Source/CMSIS_RTOS_V2/cmsis_os2.o
 .debug_macro   0x0001943f       0x10 ./Middlewares/Third_Party/FreeRTOS/Source/CMSIS_RTOS_V2/cmsis_os2.o
 .debug_macro   0x0001944f       0xb7 ./Middlewares/Third_Party/FreeRTOS/Source/CMSIS_RTOS_V2/cmsis_os2.o
 .debug_macro   0x00019506       0x91 ./Middlewares/Third_Party/FreeRTOS/Source/CMSIS_RTOS_V2/cmsis_os2.o
 .debug_macro   0x00019597       0x8d ./Middlewares/Third_Party/FreeRTOS/Source/CMSIS_RTOS_V2/cmsis_os2.o
 .debug_macro   0x00019624       0x9a ./Middlewares/Third_Party/FreeRTOS/Source/CMSIS_RTOS_V2/cmsis_os2.o
 .debug_macro   0x000196be       0x22 ./Middlewares/Third_Party/FreeRTOS/Source/CMSIS_RTOS_V2/cmsis_os2.o
 .debug_macro   0x000196e0       0x56 ./Middlewares/Third_Party/FreeRTOS/Source/CMSIS_RTOS_V2/cmsis_os2.o
 .debug_macro   0x00019736       0x28 ./Middlewares/Third_Party/FreeRTOS/Source/CMSIS_RTOS_V2/cmsis_os2.o
 .debug_macro   0x0001975e      0x187 ./Middlewares/Third_Party/FreeRTOS/Source/list.o
 .debug_macro   0x000198e5      0x216 ./Middlewares/Third_Party/FreeRTOS/Source/queue.o
 .debug_macro   0x00019afb       0x16 ./Middlewares/Third_Party/FreeRTOS/Source/queue.o
 .debug_macro   0x00019b11       0x87 ./Middlewares/Third_Party/FreeRTOS/Source/queue.o
 .debug_macro   0x00019b98      0x27f ./Middlewares/Third_Party/FreeRTOS/Source/tasks.o
 .debug_macro   0x00019e17       0x10 ./Middlewares/Third_Party/FreeRTOS/Source/tasks.o
 .debug_macro   0x00019e27      0x1dc ./Middlewares/Third_Party/FreeRTOS/Source/timers.o
 .debug_macro   0x0001a003       0x97 ./Middlewares/Third_Party/FreeRTOS/Source/timers.o
 .debug_macro   0x0001a09a      0x172 ./Middlewares/Third_Party/FreeRTOS/Source/portable/GCC/ARM_CM3/port.o
 .debug_macro   0x0001a20c      0x1ae ./Middlewares/Third_Party/FreeRTOS/Source/portable/MemMang/heap_4.o

.debug_line     0x00000000    0x1c8a6
 .debug_line    0x00000000      0xedf ./Core/Src/StepControl.o
 .debug_line    0x00000edf      0xd78 ./Core/Src/UartModbus.o
 .debug_line    0x00001c57      0xe93 ./Core/Src/main.o
 .debug_line    0x00002aea      0x8f7 ./Core/Src/stm32f1xx_hal_msp.o
 .debug_line    0x000033e1      0x9a3 ./Core/Src/stm32f1xx_it.o
 .debug_line    0x00003d84      0x7b7 ./Core/Src/system_stm32f1xx.o
 .debug_line    0x0000453b       0x78 ./Core/Startup/startup_stm32f103c8tx.o
 .debug_line    0x000045b3      0x9e8 ./Drivers/STM32F1xx_HAL_Driver/Src/stm32f1xx_hal.o
 .debug_line    0x00004f9b     0x100d ./Drivers/STM32F1xx_HAL_Driver/Src/stm32f1xx_hal_adc.o
 .debug_line    0x00005fa8      0xbb2 ./Drivers/STM32F1xx_HAL_Driver/Src/stm32f1xx_hal_cortex.o
 .debug_line    0x00006b5a      0xdf2 ./Drivers/STM32F1xx_HAL_Driver/Src/stm32f1xx_hal_dma.o
 .debug_line    0x0000794c      0xa45 ./Drivers/STM32F1xx_HAL_Driver/Src/stm32f1xx_hal_gpio.o
 .debug_line    0x00008391     0x3be5 ./Drivers/STM32F1xx_HAL_Driver/Src/stm32f1xx_hal_i2c.o
 .debug_line    0x0000bf76      0xea1 ./Drivers/STM32F1xx_HAL_Driver/Src/stm32f1xx_hal_rcc.o
 .debug_line    0x0000ce17      0x952 ./Drivers/STM32F1xx_HAL_Driver/Src/stm32f1xx_hal_rcc_ex.o
 .debug_line    0x0000d769     0x34d6 ./Drivers/STM32F1xx_HAL_Driver/Src/stm32f1xx_hal_tim.o
 .debug_line    0x00010c3f     0x18ac ./Drivers/STM32F1xx_HAL_Driver/Src/stm32f1xx_hal_tim_ex.o
 .debug_line    0x000124eb     0x2504 ./Drivers/STM32F1xx_HAL_Driver/Src/stm32f1xx_hal_uart.o
 .debug_line    0x000149ef     0x24e2 ./Middlewares/Third_Party/FreeRTOS/Source/CMSIS_RTOS_V2/cmsis_os2.o
 .debug_line    0x00016ed1      0x77c ./Middlewares/Third_Party/FreeRTOS/Source/list.o
 .debug_line    0x0001764d     0x16ed ./Middlewares/Third_Party/FreeRTOS/Source/queue.o
 .debug_line    0x00018d3a     0x1c70 ./Middlewares/Third_Party/FreeRTOS/Source/tasks.o
 .debug_line    0x0001a9aa      0xdbc ./Middlewares/Third_Party/FreeRTOS/Source/timers.o
 .debug_line    0x0001b766      0x7ae ./Middlewares/Third_Party/FreeRTOS/Source/portable/GCC/ARM_CM3/port.o
 .debug_line    0x0001bf14      0x992 ./Middlewares/Third_Party/FreeRTOS/Source/portable/MemMang/heap_4.o

.debug_str      0x00000000    0x9cc38
 .debug_str     0x00000000    0x9cc38 ./Core/Src/StepControl.o
                              0x8af78 (size before relaxing)
 .debug_str     0x0009cc38    0x8aca8 ./Core/Src/UartModbus.o
 .debug_str     0x0009cc38    0x9390c ./Core/Src/main.o
 .debug_str     0x0009cc38    0x8ab55 ./Core/Src/stm32f1xx_hal_msp.o
 .debug_str     0x0009cc38    0x8e445 ./Core/Src/stm32f1xx_it.o
 .debug_str     0x0009cc38    0x89a87 ./Core/Src/system_stm32f1xx.o
 .debug_str     0x0009cc38       0x7d ./Core/Startup/startup_stm32f103c8tx.o
 .debug_str     0x0009cc38    0x8a1ba ./Drivers/STM32F1xx_HAL_Driver/Src/stm32f1xx_hal.o