../Core/Src/main.c:109:5:main	24	static
../Core/Src/main.c:234:6:SystemClock_Config	88	static
../Core/Src/main.c:281:13:MX_ADC1_Init	24	static
../Core/Src/main.c:328:13:MX_I2C1_Init	8	static
../Core/Src/main.c:362:13:MX_TIM1_Init	96	static
../Core/Src/main.c:441:13:MX_TIM2_Init	32	static
../Core/Src/main.c:486:13:MX_TIM3_Init	64	static
../Core/Src/main.c:549:13:MX_USART2_UART_Init	8	static
../Core/Src/main.c:582:13:MX_GPIO_Init	40	static
../Core/Src/main.c:654:6:StartIOTask	16	static
../Core/Src/main.c:672:6:StartUartTask	16	static
../Core/Src/main.c:704:6:StartMotorTask	24	static
../Core/Src/main.c:737:6:Error_Handler	4	static,ignoring_inline_asm
