../Core/Src/StepControl.c:17:10:mapRegisterAddress	16	static
../Core/Src/StepControl.c:42:6:MotorRegisters_Load	16	static
../Core/Src/StepControl.c:59:6:SystemRegisters_Load	16	static
../Core/Src/StepControl.c:70:6:MotorRegisters_Save	16	static
../Core/Src/StepControl.c:86:6:SystemRegisters_Save	16	static
../Core/Src/StepControl.c:97:6:Motor_ProcessControl	16	static
../Core/Src/StepControl.c:131:6:Motor_Set_Mode	16	static
../Core/Src/StepControl.c:134:6:Motor_Set_Enable	16	static
../Core/Src/StepControl.c:137:6:Motor_Set_Disable	16	static
../Core/Src/StepControl.c:144:6:Motor1_Set_Direction	16	static
../Core/Src/StepControl.c:166:6:Motor2_Set_Direction	16	static
../Core/Src/StepControl.c:186:6:Motor_Set_Speed	16	static
../Core/Src/StepControl.c:194:6:Motor_Set_Vmax	16	static
../Core/Src/StepControl.c:197:6:Motor_Set_Amax	16	static
../Core/Src/StepControl.c:200:6:Motor_Set_Jmax	16	static
../Core/Src/StepControl.c:207:9:Motor_HandleOnOff	16	static
../Core/Src/StepControl.c:246:9:getActualSpeed	24	static
../Core/Src/StepControl.c:273:9:Motor_HandleRamp	40	static
../Core/Src/StepControl.c:342:6:MotionState_Init	32	static
../Core/Src/StepControl.c:391:6:Motor1_OutputPWM	24	static
../Core/Src/StepControl.c:408:6:Motor2_OutputPWM	24	static
../Core/Src/StepControl.c:437:6:Motor_ResetError	16	static
../Core/Src/StepControl.c:442:6:Motor_CheckError	16	static
../Core/Src/StepControl.c:455:6:Motor_DebugPrint	16	static
../Core/Src/StepControl.c:458:6:System_DebugPrint	16	static
