../Core/Src/stm32f1xx_it.c:75:6:NMI_Handler	4	static
../Core/Src/stm32f1xx_it.c:90:6:HardFault_Handler	4	static
../Core/Src/stm32f1xx_it.c:105:6:MemManage_Handler	4	static
../Core/Src/stm32f1xx_it.c:120:6:BusFault_Handler	4	static
../Core/Src/stm32f1xx_it.c:135:6:UsageFault_Handler	4	static
../Core/Src/stm32f1xx_it.c:150:6:DebugMon_Handler	4	static
../Core/Src/stm32f1xx_it.c:163:6:SysTick_Handler	8	static
../Core/Src/stm32f1xx_it.c:192:6:RCC_IRQHandler	4	static
../Core/Src/stm32f1xx_it.c:205:6:TIM1_BRK_IRQHandler	8	static
../Core/Src/stm32f1xx_it.c:219:6:TIM1_UP_IRQHandler	8	static
../Core/Src/stm32f1xx_it.c:233:6:TIM1_CC_IRQHandler	8	static
../Core/Src/stm32f1xx_it.c:247:6:TIM2_IRQHandler	8	static
../Core/Src/stm32f1xx_it.c:261:6:TIM3_IRQHandler	8	static
../Core/Src/stm32f1xx_it.c:275:6:I2C1_EV_IRQHandler	8	static
../Core/Src/stm32f1xx_it.c:289:6:I2C1_ER_IRQHandler	8	static
../Core/Src/stm32f1xx_it.c:303:6:USART2_IRQHandler	8	static
